Jul 31 13:55:19 desktop NetworkManager[575]: <info>  [1659300919.5503] exiting (success)
Jul 31 13:55:19 desktop systemd[1]: NetworkManager.service: Deactivated successfully.
Jul 31 13:55:19 desktop systemd[1]: Stopped Network Manager.
Jul 31 13:55:19 desktop audit[1]: SERVICE_STOP pid=1 uid=0 auid=4294967295 ses=4294967295 msg='unit=NetworkManager comm="systemd" exe="/usr/lib/systemd/systemd" hostname=? addr=? terminal=? res=success'
Jul 31 13:55:19 desktop systemd[1]: NetworkManager.service: Consumed 24.880s CPU time.
Jul 31 13:55:19 desktop systemd[1]: Stopping D-Bus System Message Bus...
Jul 31 13:55:19 desktop kernel: audit: type=1131 audit(1659300919.724:132): pid=1 uid=0 auid=4294967295 ses=4294967295 msg='unit=NetworkManager comm="systemd" exe="/usr/lib/systemd/systemd" hostname=? addr=? terminal=? res=success'
Jul 31 13:55:19 desktop kernel: audit: type=1334 audit(1659300919.734:133): prog-id=0 op=UNLOAD
Jul 31 13:55:19 desktop audit: BPF prog-id=0 op=UNLOAD
Jul 31 13:55:19 desktop systemd[1]: dbus.service: Deactivated successfully.
Jul 31 13:55:19 desktop systemd[1]: Stopped D-Bus System Message Bus.
Jul 31 13:55:19 desktop audit[1]: SERVICE_STOP pid=1 uid=0 auid=4294967295 ses=4294967295 msg='unit=dbus comm="systemd" exe="/usr/lib/systemd/systemd" hostname=? addr=? terminal=? res=success'
Jul 31 13:55:19 desktop systemd[1]: dbus.service: Consumed 8.896s CPU time.
Jul 31 13:55:19 desktop systemd[1]: Stopped target Basic System.
Jul 31 13:55:19 desktop systemd[1]: Stopped target Path Units.
Jul 31 13:55:19 desktop systemd[1]: Stopped target Slice Units.
Jul 31 13:55:19 desktop systemd[1]: Removed slice User and Session Slice.
Jul 31 13:55:19 desktop systemd[1]: user.slice: Consumed 1h 49min 39.240s CPU time.
Jul 31 13:55:19 desktop systemd[1]: Stopped target Socket Units.
Jul 31 13:55:19 desktop systemd[1]: dbus.socket: Deactivated successfully.
Jul 31 13:55:19 desktop systemd[1]: Closed D-Bus System Message Bus Socket.
Jul 31 13:55:19 desktop systemd[1]: snapd.socket: Deactivated successfully.
Jul 31 13:55:19 desktop systemd[1]: Closed Socket activation for snappy daemon.
Jul 31 13:55:19 desktop systemd[1]: Stopped target System Initialization.
Jul 31 13:55:19 desktop systemd[1]: Stopped target Local Encrypted Volumes.
Jul 31 13:55:19 desktop systemd[1]: systemd-ask-password-console.path: Deactivated successfully.
Jul 31 13:55:19 desktop kernel: audit: type=1131 audit(1659300919.774:134): pid=1 uid=0 auid=4294967295 ses=4294967295 msg='unit=dbus comm="systemd" exe="/usr/lib/systemd/systemd" hostname=? addr=? terminal=? res=success'
Jul 31 13:55:19 desktop systemd[1]: Stopped Dispatch Password Requests to Console Directory Watch.
Jul 31 13:55:19 desktop systemd[1]: systemd-ask-password-wall.path: Deactivated successfully.
Jul 31 13:55:19 desktop systemd[1]: Stopped Forward Password Requests to Wall Directory Watch.
Jul 31 13:55:19 desktop systemd[1]: Stopped target Local Integrity Protected Volumes.
Jul 31 13:55:19 desktop systemd[1]: Stopped target Local Verity Protected Volumes.
Jul 31 13:55:19 desktop systemd[1]: Stopping Set Up Additional Binary Formats...
Jul 31 13:55:19 desktop systemd[1]: systemd-sysctl.service: Deactivated successfully.
Jul 31 13:55:19 desktop systemd[1]: Stopped Apply Kernel Variables.
Jul 31 13:55:19 desktop audit[1]: SERVICE_STOP pid=1 uid=0 auid=4294967295 ses=4294967295 msg='unit=systemd-sysctl comm="systemd" exe="/usr/lib/systemd/systemd" hostname=? addr=? terminal=? res=success'
Jul 31 13:55:19 desktop systemd[1]: systemd-modules-load.service: Deactivated successfully.
Jul 31 13:55:19 desktop audit[1]: SERVICE_STOP pid=1 uid=0 auid=4294967295 ses=4294967295 msg='unit=systemd-modules-load comm="systemd" exe="/usr/lib/systemd/systemd" hostname=? addr=? terminal=? res=success'
Jul 31 13:55:19 desktop systemd[1]: Stopped Load Kernel Modules.
Jul 31 13:55:19 desktop systemd[1]: Stopping Network Time Synchronization...
Jul 31 13:55:19 desktop systemd[1]: systemd-update-done.service: Deactivated successfully.
Jul 31 13:55:19 desktop systemd[1]: Stopped Update is Completed.
Jul 31 13:55:19 desktop audit[1]: SERVICE_STOP pid=1 uid=0 auid=4294967295 ses=4294967295 msg='unit=systemd-update-done comm="systemd" exe="/usr/lib/systemd/systemd" hostname=? addr=? terminal=? res=success'
Jul 31 13:55:19 desktop systemd[1]: ldconfig.service: Deactivated successfully.
Jul 31 13:55:19 desktop systemd[1]: Stopped Rebuild Dynamic Linker Cache.
Jul 31 13:55:19 desktop audit[1]: SERVICE_STOP pid=1 uid=0 auid=4294967295 ses=4294967295 msg='unit=ldconfig comm="systemd" exe="/usr/lib/systemd/systemd" hostname=? addr=? terminal=? res=success'
Jul 31 13:55:19 desktop systemd[1]: systemd-journal-catalog-update.service: Deactivated successfully.
Jul 31 13:55:19 desktop systemd[1]: Stopped Rebuild Journal Catalog.
Jul 31 13:55:19 desktop audit[1]: SERVICE_STOP pid=1 uid=0 auid=4294967295 ses=4294967295 msg='unit=systemd-journal-catalog-update comm="systemd" exe="/usr/lib/systemd/systemd" hostname=? addr=? terminal=? res=success'
Jul 31 13:55:19 desktop systemd[1]: Stopping Record System Boot/Shutdown in UTMP...
Jul 31 13:55:19 desktop systemd[1]: systemd-binfmt.service: Deactivated successfully.
Jul 31 13:55:19 desktop systemd[1]: Stopped Set Up Additional Binary Formats.
Jul 31 13:55:19 desktop audit[1]: SERVICE_STOP pid=1 uid=0 auid=4294967295 ses=4294967295 msg='unit=systemd-binfmt comm="systemd" exe="/usr/lib/systemd/systemd" hostname=? addr=? terminal=? res=success'
Jul 31 13:55:19 desktop systemd[1]: proc-sys-fs-binfmt_misc.automount: Deactivated successfully.
Jul 31 13:55:19 desktop audit[26596]: SYSTEM_SHUTDOWN pid=26596 uid=0 auid=4294967295 ses=4294967295 msg=' comm="systemd-update-utmp" exe="/usr/lib/systemd/systemd-update-utmp" hostname=? addr=? terminal=? res=success'
Jul 31 13:55:19 desktop kernel: audit: type=1131 audit(1659300919.844:135): pid=1 uid=0 auid=4294967295 ses=4294967295 msg='unit=systemd-sysctl comm="systemd" exe="/usr/lib/systemd/systemd" hostname=? addr=? terminal=? res=success'
Jul 31 13:55:19 desktop kernel: audit: type=1131 audit(1659300919.844:136): pid=1 uid=0 auid=4294967295 ses=4294967295 msg='unit=systemd-modules-load comm="systemd" exe="/usr/lib/systemd/systemd" hostname=? addr=? terminal=? res=success'
Jul 31 13:55:19 desktop kernel: audit: type=1131 audit(1659300919.844:137): pid=1 uid=0 auid=4294967295 ses=4294967295 msg='unit=systemd-update-done comm="systemd" exe="/usr/lib/systemd/systemd" hostname=? addr=? terminal=? res=success'
Jul 31 13:55:19 desktop kernel: audit: type=1131 audit(1659300919.844:138): pid=1 uid=0 auid=4294967295 ses=4294967295 msg='unit=ldconfig comm="systemd" exe="/usr/lib/systemd/systemd" hostname=? addr=? terminal=? res=success'
Jul 31 13:55:19 desktop systemd[1]: Unset automount Arbitrary Executable File Formats File System Automount Point.
Jul 31 13:55:19 desktop systemd[1]: proc-sys-fs-binfmt_misc.mount: Deactivated successfully.
Jul 31 13:55:19 desktop systemd[1]: systemd-timesyncd.service: Deactivated successfully.
Jul 31 13:55:19 desktop systemd[1]: Stopped Network Time Synchronization.
Jul 31 13:55:19 desktop audit[1]: SERVICE_STOP pid=1 uid=0 auid=4294967295 ses=4294967295 msg='unit=systemd-timesyncd comm="systemd" exe="/usr/lib/systemd/systemd" hostname=? addr=? terminal=? res=success'
Jul 31 13:55:19 desktop systemd[1]: systemd-update-utmp.service: Deactivated successfully.
Jul 31 13:55:19 desktop systemd[1]: Stopped Record System Boot/Shutdown in UTMP.
Jul 31 13:55:19 desktop audit[1]: SERVICE_STOP pid=1 uid=0 auid=4294967295 ses=4294967295 msg='unit=systemd-update-utmp comm="systemd" exe="/usr/lib/systemd/systemd" hostname=? addr=? terminal=? res=success'
Jul 31 13:55:19 desktop systemd[1]: systemd-tmpfiles-setup.service: Deactivated successfully.
Jul 31 13:55:19 desktop systemd[1]: Stopped Create Volatile Files and Directories.
Jul 31 13:55:19 desktop audit[1]: SERVICE_STOP pid=1 uid=0 auid=4294967295 ses=4294967295 msg='unit=systemd-tmpfiles-setup comm="systemd" exe="/usr/lib/systemd/systemd" hostname=? addr=? terminal=? res=success'
Jul 31 13:55:19 desktop systemd[1]: Stopped target Local File Systems.
Jul 31 13:55:19 desktop systemd[1]: Unmounting /home...
Jul 31 13:55:19 desktop systemd[1]: Unmounting /media/hdd...
Jul 31 13:55:19 desktop systemd[1]: Unmounting /run/credentials/systemd-sysusers.service...
Jul 31 13:55:19 desktop systemd[1]: Unmounting /run/timeshift/backup...
Jul 31 13:55:19 desktop systemd[1]: Unmounting Temporary Directory /tmp...
Jul 31 13:55:19 desktop systemd[1]: Unmounting Mount unit for bare, revision 5...
Jul 31 13:55:20 desktop systemd[1]: Unmounting Mount unit for core20, revision 1581...
Jul 31 13:55:20 desktop systemd[1]: Unmounting Mount unit for core20, revision 1587...
Jul 31 13:55:20 desktop systemd[1]: Unmounting Mount unit for gtk-common-themes, revision 1535...
Jul 31 13:55:20 desktop systemd[1]: Unmounting Mount unit for melonds, revision 3...
Jul 31 13:55:20 desktop systemd[1]: Unmounting Mount unit for snapd, revision 16010...
Jul 31 13:55:20 desktop systemd[1]: Unmounting Mount unit for snapd, revision 16292...
Jul 31 13:55:20 desktop systemd[1]: run-credentials-systemd\x2dsysusers.service.mount: Deactivated successfully.
Jul 31 13:55:20 desktop systemd[1]: Unmounted /run/credentials/systemd-sysusers.service.
Jul 31 13:55:20 desktop systemd[1]: tmp.mount: Deactivated successfully.
Jul 31 13:55:20 desktop systemd[1]: Unmounted Temporary Directory /tmp.
Jul 31 13:55:20 desktop systemd[1]: Stopped target Swaps.
Jul 31 13:55:20 desktop systemd[1]: Deactivating swap /swapfile...
Jul 31 13:55:20 desktop audit: BPF prog-id=0 op=UNLOAD
Jul 31 13:55:20 desktop systemd[1]: var-lib-snapd-snap-core20-1581.mount: Deactivated successfully.
Jul 31 13:55:20 desktop systemd[1]: Unmounted Mount unit for core20, revision 1581.
Jul 31 13:55:20 desktop systemd[1]: media-hdd.mount: Deactivated successfully.
Jul 31 13:55:20 desktop systemd[1]: Unmounted /media/hdd.
Jul 31 13:55:20 desktop systemd[1]: var-lib-snapd-snap-core20-1587.mount: Deactivated successfully.
Jul 31 13:55:20 desktop systemd[1]: Unmounted Mount unit for core20, revision 1587.
Jul 31 13:55:20 desktop systemd[1]: var-lib-snapd-snap-gtk\x2dcommon\x2dthemes-1535.mount: Deactivated successfully.
Jul 31 13:55:20 desktop systemd[1]: Unmounted Mount unit for gtk-common-themes, revision 1535.
Jul 31 13:55:20 desktop systemd[1]: var-lib-snapd-snap-snapd-16010.mount: Deactivated successfully.
Jul 31 13:55:20 desktop systemd[1]: Unmounted Mount unit for snapd, revision 16010.
Jul 31 13:55:20 desktop systemd[1]: var-lib-snapd-snap-snapd-16292.mount: Deactivated successfully.
Jul 31 13:55:20 desktop systemd[1]: Unmounted Mount unit for snapd, revision 16292.
Jul 31 13:55:20 desktop systemd[1]: var-lib-snapd-snap-bare-5.mount: Deactivated successfully.
Jul 31 13:55:20 desktop systemd[1]: Unmounted Mount unit for bare, revision 5.
Jul 31 13:55:20 desktop systemd[1]: var-lib-snapd-snap-melonds-3.mount: Deactivated successfully.
Jul 31 13:55:20 desktop systemd[1]: Unmounted Mount unit for melonds, revision 3.
Jul 31 13:55:20 desktop systemd[1]: swapfile.swap: Deactivated successfully.
Jul 31 13:55:20 desktop systemd[1]: Deactivated swap /swapfile.
Jul 31 13:55:20 desktop systemd[1]: home.mount: Deactivated successfully.
Jul 31 13:55:20 desktop systemd[1]: Unmounted /home.
Jul 31 13:55:20 desktop systemd[1]: systemd-fsck@dev-disk-by\x2duuid-569bb2d6\x2df4bf\x2d4de6\x2db8f5\x2d8f6b8535de1d.service: Deactivated successfully.
Jul 31 13:55:20 desktop systemd[1]: Stopped File System Check on /dev/disk/by-uuid/569bb2d6-f4bf-4de6-b8f5-8f6b8535de1d.
Jul 31 13:55:20 desktop audit[1]: SERVICE_STOP pid=1 uid=0 auid=4294967295 ses=4294967295 msg='unit=systemd-fsck@dev-disk-by\x2duuid-569bb2d6\x2df4bf\x2d4de6\x2db8f5\x2d8f6b8535de1d comm="systemd" exe="/usr/lib/systemd/systemd" hostname=? addr=? terminal=? res=success'
Jul 31 13:55:20 desktop systemd[1]: Removed slice Slice /system/systemd-fsck.
Jul 31 13:55:20 desktop systemd[1]: run-timeshift-backup.mount: Deactivated successfully.
Jul 31 13:55:20 desktop systemd[1]: Unmounted /run/timeshift/backup.
Jul 31 13:55:20 desktop systemd[1]: Stopped target Preparation for Local File Systems.
Jul 31 13:55:20 desktop systemd[1]: Reached target Unmount All Filesystems.
Jul 31 13:55:20 desktop systemd[1]: Stopping Monitoring of LVM2 mirrors, snapshots etc. using dmeventd or progress polling...
Jul 31 13:55:20 desktop audit[1]: SERVICE_STOP pid=1 uid=0 auid=4294967295 ses=4294967295 msg='unit=systemd-tmpfiles-setup-dev comm="systemd" exe="/usr/lib/systemd/systemd" hostname=? addr=? terminal=? res=success'
Jul 31 13:55:20 desktop audit[1]: SERVICE_STOP pid=1 uid=0 auid=4294967295 ses=4294967295 msg='unit=systemd-sysusers comm="systemd" exe="/usr/lib/systemd/systemd" hostname=? addr=? terminal=? res=success'
Jul 31 13:55:20 desktop audit[1]: SERVICE_STOP pid=1 uid=0 auid=4294967295 ses=4294967295 msg='unit=systemd-remount-fs comm="systemd" exe="/usr/lib/systemd/systemd" hostname=? addr=? terminal=? res=success'
Jul 31 13:55:20 desktop systemd[1]: systemd-tmpfiles-setup-dev.service: Deactivated successfully.
Jul 31 13:55:20 desktop systemd[1]: Stopped Create Static Device Nodes in /dev.
Jul 31 13:55:20 desktop systemd[1]: systemd-sysusers.service: Deactivated successfully.
Jul 31 13:55:20 desktop systemd[1]: Stopped Create System Users.
Jul 31 13:55:20 desktop systemd[1]: systemd-remount-fs.service: Deactivated successfully.
Jul 31 13:55:20 desktop systemd[1]: Stopped Remount Root and Kernel File Systems.
Jul 31 13:55:20 desktop lvm[26617]:   2 logical volume(s) in volume group "volgroup0" unmonitored
Jul 31 13:55:20 desktop systemd[1]: lvm2-monitor.service: Deactivated successfully.
Jul 31 13:55:20 desktop audit[1]: SERVICE_STOP pid=1 uid=0 auid=4294967295 ses=4294967295 msg='unit=lvm2-monitor comm="systemd" exe="/usr/lib/systemd/systemd" hostname=? addr=? terminal=? res=success'
Jul 31 13:55:20 desktop systemd[1]: Stopped Monitoring of LVM2 mirrors, snapshots etc. using dmeventd or progress polling.
Jul 31 13:55:20 desktop systemd[1]: Reached target System Shutdown.
Jul 31 13:55:20 desktop systemd[1]: Reached target Late Shutdown Services.
Jul 31 13:55:20 desktop systemd[1]: systemd-poweroff.service: Deactivated successfully.
Jul 31 13:55:20 desktop audit[1]: SERVICE_START pid=1 uid=0 auid=4294967295 ses=4294967295 msg='unit=systemd-poweroff comm="systemd" exe="/usr/lib/systemd/systemd" hostname=? addr=? terminal=? res=success'
Jul 31 13:55:20 desktop audit[1]: SERVICE_STOP pid=1 uid=0 auid=4294967295 ses=4294967295 msg='unit=systemd-poweroff comm="systemd" exe="/usr/lib/systemd/systemd" hostname=? addr=? terminal=? res=success'
Jul 31 13:55:20 desktop systemd[1]: Finished System Power Off.
Jul 31 13:55:20 desktop systemd[1]: Reached target System Power Off.
Jul 31 13:55:20 desktop systemd[1]: Shutting down.
Jul 31 13:55:20 desktop audit: BPF prog-id=0 op=UNLOAD
Jul 31 13:55:20 desktop audit: BPF prog-id=0 op=UNLOAD
Jul 31 13:55:20 desktop audit: BPF prog-id=0 op=UNLOAD
Jul 31 13:55:20 desktop audit: BPF prog-id=0 op=UNLOAD
Jul 31 13:55:20 desktop audit: BPF prog-id=0 op=UNLOAD
Jul 31 13:55:20 desktop audit: BPF prog-id=0 op=UNLOAD
Jul 31 13:55:20 desktop systemd-shutdown[1]: Syncing filesystems and block devices.
Jul 31 13:55:22 desktop systemd-shutdown[1]: Sending SIGTERM to remaining processes...
Jul 31 13:55:22 desktop systemd-journald[330]: Received SIGTERM from PID 1 (systemd-shutdow).
Jul 31 13:55:22 desktop systemd-journald[330]: Journal stopped
-- Boot e6b5b8b08e1d4b7bb88bdbf97fb61791 --
Jul 31 14:03:47 desktop kernel: Linux version 5.15.55-2-lts (linux-lts@archlinux) (gcc (GCC) 12.1.0, GNU ld (GNU Binutils) 2.38) #1 SMP Fri, 22 Jul 2022 23:29:06 +0000
Jul 31 14:03:47 desktop kernel: Command line: BOOT_IMAGE=/boot/vmlinuz-linux-lts root=/dev/mapper/volgroup0-lv_root rw loglevel=3 quiet
Jul 31 14:03:47 desktop kernel: x86/fpu: Supporting XSAVE feature 0x001: 'x87 floating point registers'
Jul 31 14:03:47 desktop kernel: x86/fpu: Supporting XSAVE feature 0x002: 'SSE registers'
Jul 31 14:03:47 desktop kernel: x86/fpu: Supporting XSAVE feature 0x004: 'AVX registers'
Jul 31 14:03:47 desktop kernel: x86/fpu: xstate_offset[2]:  576, xstate_sizes[2]:  256
Jul 31 14:03:47 desktop kernel: x86/fpu: Enabled xstate features 0x7, context size is 832 bytes, using 'compacted' format.
Jul 31 14:03:47 desktop kernel: signal: max sigframe size: 1776
Jul 31 14:03:47 desktop kernel: BIOS-provided physical RAM map:
Jul 31 14:03:47 desktop kernel: BIOS-e820: [mem 0x0000000000000000-0x000000000009ffff] usable
Jul 31 14:03:47 desktop kernel: BIOS-e820: [mem 0x00000000000a0000-0x00000000000fffff] reserved
Jul 31 14:03:47 desktop kernel: BIOS-e820: [mem 0x0000000000100000-0x0000000009d7ffff] usable
Jul 31 14:03:47 desktop kernel: BIOS-e820: [mem 0x0000000009d80000-0x0000000009ffffff] reserved
Jul 31 14:03:47 desktop kernel: BIOS-e820: [mem 0x000000000a000000-0x00000000dd2b8fff] usable
Jul 31 14:03:47 desktop kernel: BIOS-e820: [mem 0x00000000dd2b9000-0x00000000dd3d1fff] reserved
Jul 31 14:03:47 desktop kernel: BIOS-e820: [mem 0x00000000dd3d2000-0x00000000dd4c4fff] usable
Jul 31 14:03:47 desktop kernel: BIOS-e820: [mem 0x00000000dd4c5000-0x00000000dd896fff] ACPI NVS
Jul 31 14:03:47 desktop kernel: BIOS-e820: [mem 0x00000000dd897000-0x00000000de32afff] reserved
Jul 31 14:03:47 desktop kernel: BIOS-e820: [mem 0x00000000de32b000-0x00000000de3e8fff] type 20
Jul 31 14:03:47 desktop kernel: BIOS-e820: [mem 0x00000000de3e9000-0x00000000deffffff] usable
Jul 31 14:03:47 desktop kernel: BIOS-e820: [mem 0x00000000df000000-0x00000000dfffffff] reserved
Jul 31 14:03:47 desktop kernel: BIOS-e820: [mem 0x00000000f8000000-0x00000000fbffffff] reserved
Jul 31 14:03:47 desktop kernel: BIOS-e820: [mem 0x00000000fdf00000-0x00000000fdffffff] reserved
Jul 31 14:03:47 desktop kernel: BIOS-e820: [mem 0x00000000fea00000-0x00000000fea0ffff] reserved
Jul 31 14:03:47 desktop kernel: BIOS-e820: [mem 0x00000000feb80000-0x00000000fec01fff] reserved
Jul 31 14:03:47 desktop kernel: BIOS-e820: [mem 0x00000000fec10000-0x00000000fec10fff] reserved
Jul 31 14:03:47 desktop kernel: BIOS-e820: [mem 0x00000000fec30000-0x00000000fec30fff] reserved
Jul 31 14:03:47 desktop kernel: BIOS-e820: [mem 0x00000000fed00000-0x00000000fed00fff] reserved
Jul 31 14:03:47 desktop kernel: BIOS-e820: [mem 0x00000000fed40000-0x00000000fed44fff] reserved
Jul 31 14:03:47 desktop kernel: BIOS-e820: [mem 0x00000000fed80000-0x00000000fed8ffff] reserved
Jul 31 14:03:47 desktop kernel: BIOS-e820: [mem 0x00000000fedc2000-0x00000000fedcffff] reserved
Jul 31 14:03:47 desktop kernel: BIOS-e820: [mem 0x00000000fedd4000-0x00000000fedd5fff] reserved
Jul 31 14:03:47 desktop kernel: BIOS-e820: [mem 0x00000000fee00000-0x00000000feefffff] reserved
Jul 31 14:03:47 desktop kernel: BIOS-e820: [mem 0x00000000ff000000-0x00000000ffffffff] reserved
Jul 31 14:03:47 desktop kernel: BIOS-e820: [mem 0x0000000100000000-0x000000041f37ffff] usable
Jul 31 14:03:47 desktop kernel: NX (Execute Disable) protection: active
Jul 31 14:03:47 desktop kernel: efi: EFI v2.60 by American Megatrends
Jul 31 14:03:47 desktop kernel: efi: ACPI 2.0=0xdd4c5000 ACPI=0xdd4c5000 SMBIOS=0xde29a000 ESRT=0xdb32f918 MEMATTR=0xdb0d3018 
Jul 31 14:03:47 desktop kernel: SMBIOS 3.0 present.
Jul 31 14:03:47 desktop kernel: DMI: Micro-Star International Co., Ltd. MS-7A34/B350 TOMAHAWK (MS-7A34), BIOS 1.80 09/13/2017
Jul 31 14:03:47 desktop kernel: tsc: Fast TSC calibration failed
Jul 31 14:03:47 desktop kernel: e820: update [mem 0x00000000-0x00000fff] usable ==> reserved
Jul 31 14:03:47 desktop kernel: e820: remove [mem 0x000a0000-0x000fffff] usable
Jul 31 14:03:47 desktop kernel: last_pfn = 0x41f380 max_arch_pfn = 0x400000000
Jul 31 14:03:47 desktop kernel: x86/PAT: Configuration [0-7]: WB  WC  UC- UC  WB  WP  UC- WT  
Jul 31 14:03:47 desktop kernel: total RAM covered: 3568M
Jul 31 14:03:47 desktop kernel: Found optimal setting for mtrr clean up
Jul 31 14:03:47 desktop kernel:  gran_size: 64K         chunk_size: 1G         num_reg: 3          lose cover RAM: 0G
Jul 31 14:03:47 desktop kernel: e820: update [mem 0xdf000000-0xffffffff] usable ==> reserved
Jul 31 14:03:47 desktop kernel: last_pfn = 0xdf000 max_arch_pfn = 0x400000000
Jul 31 14:03:47 desktop kernel: esrt: Reserving ESRT space from 0x00000000db32f918 to 0x00000000db32f950.
Jul 31 14:03:47 desktop kernel: e820: update [mem 0xdb32f000-0xdb32ffff] usable ==> reserved
Jul 31 14:03:47 desktop kernel: Using GB pages for direct mapping
Jul 31 14:03:47 desktop kernel: Secure boot disabled
Jul 31 14:03:47 desktop kernel: RAMDISK: [mem 0x35bf7000-0x36df2fff]
Jul 31 14:03:47 desktop kernel: ACPI: Early table checksum verification disabled
Jul 31 14:03:47 desktop kernel: ACPI: RSDP 0x00000000DD4C5000 000024 (v02 ALASKA)
Jul 31 14:03:47 desktop kernel: ACPI: XSDT 0x00000000DD4C5098 0000AC (v01 ALASKA A M I    01072009 AMI  00010013)
Jul 31 14:03:47 desktop kernel: ACPI: FACP 0x00000000DD4CAFB8 000114 (v06 ALASKA A M I    01072009 AMI  00010013)
Jul 31 14:03:47 desktop kernel: ACPI BIOS Warning (bug): Optional FADT field Pm2ControlBlock has valid Length but zero Address: 0x0000000000000000/0x1 (20210730/tbfadt-615)
Jul 31 14:03:47 desktop kernel: ACPI: DSDT 0x00000000DD4C51D8 005DDA (v02 ALASKA A M I    01072009 INTL 20120913)
Jul 31 14:03:47 desktop kernel: ACPI: FACS 0x00000000DD880E00 000040
Jul 31 14:03:47 desktop kernel: ACPI: APIC 0x00000000DD4CB0D0 0000DE (v03 ALASKA A M I    01072009 AMI  00010013)
Jul 31 14:03:47 desktop kernel: ACPI: FPDT 0x00000000DD4CB1B0 000044 (v01 ALASKA A M I    01072009 AMI  00010013)
Jul 31 14:03:47 desktop kernel: ACPI: FIDT 0x00000000DD4CB1F8 00009C (v01 ALASKA A M I    01072009 AMI  00010013)
Jul 31 14:03:47 desktop kernel: ACPI: SSDT 0x00000000DD4CB298 008C4C (v02 AMD    AMD ALIB 00000002 MSFT 04000000)
Jul 31 14:03:47 desktop kernel: ACPI: SSDT 0x00000000DD4D3EE8 001500 (v01 AMD    AMD CPU  00000001 AMD  00000001)
Jul 31 14:03:47 desktop kernel: ACPI: CRAT 0x00000000DD4D53E8 000BD0 (v01 AMD    AMD CRAT 00000001 AMD  00000001)
Jul 31 14:03:47 desktop kernel: ACPI: CDIT 0x00000000DD4D5FB8 000029 (v01 AMD    AMD CDIT 00000001 AMD  00000001)
Jul 31 14:03:47 desktop kernel: ACPI: SSDT 0x00000000DD4D5FE8 0017B7 (v01 AMD    AMD AOD  00000001 INTL 20120913)
Jul 31 14:03:47 desktop kernel: ACPI: MCFG 0x00000000DD4D77A0 00003C (v01 ALASKA A M I    01072009 MSFT 00010013)
Jul 31 14:03:47 desktop kernel: ACPI: HPET 0x00000000DD4D77E0 000038 (v01 ALASKA A M I    01072009 AMI  00000005)
Jul 31 14:03:47 desktop kernel: ACPI: SSDT 0x00000000DD4D7818 000024 (v01 AMDFCH FCHZP    00001000 INTL 20120913)
Jul 31 14:03:47 desktop kernel: ACPI: UEFI 0x00000000DD4D7840 000042 (v01                 00000000      00000000)
Jul 31 14:03:47 desktop kernel: ACPI: IVRS 0x00000000DD4D7888 0000D0 (v02 AMD    AMD IVRS 00000001 AMD  00000000)
Jul 31 14:03:47 desktop kernel: ACPI: BGRT 0x00000000DD4D7958 000038 (v01 ALASKA A M I    01072009 AMI  00010013)
Jul 31 14:03:47 desktop kernel: ACPI: SSDT 0x00000000DD4D7990 0000F8 (v01 AMD    AMD PT   00001000 INTL 20120913)
Jul 31 14:03:47 desktop kernel: ACPI: SSDT 0x00000000DD4D7A88 001664 (v01 AMD    CPMCMN   00000001 INTL 20120913)
Jul 31 14:03:47 desktop kernel: ACPI: Reserving FACP table memory at [mem 0xdd4cafb8-0xdd4cb0cb]
Jul 31 14:03:47 desktop kernel: ACPI: Reserving DSDT table memory at [mem 0xdd4c51d8-0xdd4cafb1]
Jul 31 14:03:47 desktop kernel: ACPI: Reserving FACS table memory at [mem 0xdd880e00-0xdd880e3f]
Jul 31 14:03:47 desktop kernel: ACPI: Reserving APIC table memory at [mem 0xdd4cb0d0-0xdd4cb1ad]
Jul 31 14:03:47 desktop kernel: ACPI: Reserving FPDT table memory at [mem 0xdd4cb1b0-0xdd4cb1f3]
Jul 31 14:03:47 desktop kernel: ACPI: Reserving FIDT table memory at [mem 0xdd4cb1f8-0xdd4cb293]
Jul 31 14:03:47 desktop kernel: ACPI: Reserving SSDT table memory at [mem 0xdd4cb298-0xdd4d3ee3]
Jul 31 14:03:47 desktop kernel: ACPI: Reserving SSDT table memory at [mem 0xdd4d3ee8-0xdd4d53e7]
Jul 31 14:03:47 desktop kernel: ACPI: Reserving CRAT table memory at [mem 0xdd4d53e8-0xdd4d5fb7]
Jul 31 14:03:47 desktop kernel: ACPI: Reserving CDIT table memory at [mem 0xdd4d5fb8-0xdd4d5fe0]
Jul 31 14:03:47 desktop kernel: ACPI: Reserving SSDT table memory at [mem 0xdd4d5fe8-0xdd4d779e]
Jul 31 14:03:47 desktop kernel: ACPI: Reserving MCFG table memory at [mem 0xdd4d77a0-0xdd4d77db]
Jul 31 14:03:47 desktop kernel: ACPI: Reserving HPET table memory at [mem 0xdd4d77e0-0xdd4d7817]
Jul 31 14:03:47 desktop kernel: ACPI: Reserving SSDT table memory at [mem 0xdd4d7818-0xdd4d783b]
Jul 31 14:03:47 desktop kernel: ACPI: Reserving UEFI table memory at [mem 0xdd4d7840-0xdd4d7881]
Jul 31 14:03:47 desktop kernel: ACPI: Reserving IVRS table memory at [mem 0xdd4d7888-0xdd4d7957]
Jul 31 14:03:47 desktop kernel: ACPI: Reserving BGRT table memory at [mem 0xdd4d7958-0xdd4d798f]
Jul 31 14:03:47 desktop kernel: ACPI: Reserving SSDT table memory at [mem 0xdd4d7990-0xdd4d7a87]
Jul 31 14:03:47 desktop kernel: ACPI: Reserving SSDT table memory at [mem 0xdd4d7a88-0xdd4d90eb]
Jul 31 14:03:47 desktop kernel: No NUMA configuration found
Jul 31 14:03:47 desktop kernel: Faking a node at [mem 0x0000000000000000-0x000000041f37ffff]
Jul 31 14:03:47 desktop kernel: NODE_DATA(0) allocated [mem 0x41f37c000-0x41f37ffff]
Jul 31 14:03:47 desktop kernel: Zone ranges:
Jul 31 14:03:47 desktop kernel:   DMA      [mem 0x0000000000001000-0x0000000000ffffff]
Jul 31 14:03:47 desktop kernel:   DMA32    [mem 0x0000000001000000-0x00000000ffffffff]
Jul 31 14:03:47 desktop kernel:   Normal   [mem 0x0000000100000000-0x000000041f37ffff]
Jul 31 14:03:47 desktop kernel:   Device   empty
Jul 31 14:03:47 desktop kernel: Movable zone start for each node
Jul 31 14:03:47 desktop kernel: Early memory node ranges
Jul 31 14:03:47 desktop kernel:   node   0: [mem 0x0000000000001000-0x000000000009ffff]
Jul 31 14:03:47 desktop kernel:   node   0: [mem 0x0000000000100000-0x0000000009d7ffff]
Jul 31 14:03:47 desktop kernel:   node   0: [mem 0x000000000a000000-0x00000000dd2b8fff]
Jul 31 14:03:47 desktop kernel:   node   0: [mem 0x00000000dd3d2000-0x00000000dd4c4fff]
Jul 31 14:03:47 desktop kernel:   node   0: [mem 0x00000000de3e9000-0x00000000deffffff]
Jul 31 14:03:47 desktop kernel:   node   0: [mem 0x0000000100000000-0x000000041f37ffff]
Jul 31 14:03:47 desktop kernel: Initmem setup node 0 [mem 0x0000000000001000-0x000000041f37ffff]
Jul 31 14:03:47 desktop kernel: On node 0, zone DMA: 1 pages in unavailable ranges
Jul 31 14:03:47 desktop kernel: On node 0, zone DMA: 96 pages in unavailable ranges
Jul 31 14:03:47 desktop kernel: On node 0, zone DMA32: 640 pages in unavailable ranges
Jul 31 14:03:47 desktop kernel: On node 0, zone DMA32: 281 pages in unavailable ranges
Jul 31 14:03:47 desktop kernel: On node 0, zone DMA32: 3876 pages in unavailable ranges
Jul 31 14:03:47 desktop kernel: On node 0, zone Normal: 4096 pages in unavailable ranges
Jul 31 14:03:47 desktop kernel: On node 0, zone Normal: 3200 pages in unavailable ranges
Jul 31 14:03:47 desktop kernel: ACPI: PM-Timer IO Port: 0x808
Jul 31 14:03:47 desktop kernel: ACPI: LAPIC_NMI (acpi_id[0xff] high edge lint[0x1])
Jul 31 14:03:47 desktop kernel: IOAPIC[0]: apic_id 13, version 33, address 0xfec00000, GSI 0-23
Jul 31 14:03:47 desktop kernel: IOAPIC[1]: apic_id 14, version 33, address 0xfec01000, GSI 24-55
Jul 31 14:03:47 desktop kernel: ACPI: INT_SRC_OVR (bus 0 bus_irq 0 global_irq 2 dfl dfl)
Jul 31 14:03:47 desktop kernel: ACPI: INT_SRC_OVR (bus 0 bus_irq 9 global_irq 9 low level)
Jul 31 14:03:47 desktop kernel: ACPI: Using ACPI (MADT) for SMP configuration information
Jul 31 14:03:47 desktop kernel: ACPI: HPET id: 0x10228201 base: 0xfed00000
Jul 31 14:03:47 desktop kernel: e820: update [mem 0xd8177000-0xd83b7fff] usable ==> reserved
Jul 31 14:03:47 desktop kernel: smpboot: Allowing 16 CPUs, 4 hotplug CPUs
Jul 31 14:03:47 desktop kernel: PM: hibernation: Registered nosave memory: [mem 0x00000000-0x00000fff]
Jul 31 14:03:47 desktop kernel: PM: hibernation: Registered nosave memory: [mem 0x000a0000-0x000fffff]
Jul 31 14:03:47 desktop kernel: PM: hibernation: Registered nosave memory: [mem 0x09d80000-0x09ffffff]
Jul 31 14:03:47 desktop kernel: PM: hibernation: Registered nosave memory: [mem 0xd8177000-0xd83b7fff]
Jul 31 14:03:47 desktop kernel: PM: hibernation: Registered nosave memory: [mem 0xdb32f000-0xdb32ffff]
Jul 31 14:03:47 desktop kernel: PM: hibernation: Registered nosave memory: [mem 0xdd2b9000-0xdd3d1fff]
Jul 31 14:03:47 desktop kernel: PM: hibernation: Registered nosave memory: [mem 0xdd4c5000-0xdd896fff]
Jul 31 14:03:47 desktop kernel: PM: hibernation: Registered nosave memory: [mem 0xdd897000-0xde32afff]
Jul 31 14:03:47 desktop kernel: PM: hibernation: Registered nosave memory: [mem 0xde32b000-0xde3e8fff]
Jul 31 14:03:47 desktop kernel: PM: hibernation: Registered nosave memory: [mem 0xdf000000-0xdfffffff]
Jul 31 14:03:47 desktop kernel: PM: hibernation: Registered nosave memory: [mem 0xe0000000-0xf7ffffff]
Jul 31 14:03:47 desktop kernel: PM: hibernation: Registered nosave memory: [mem 0xf8000000-0xfbffffff]
Jul 31 14:03:47 desktop kernel: PM: hibernation: Registered nosave memory: [mem 0xfc000000-0xfdefffff]
Jul 31 14:03:47 desktop kernel: PM: hibernation: Registered nosave memory: [mem 0xfdf00000-0xfdffffff]
Jul 31 14:03:47 desktop kernel: PM: hibernation: Registered nosave memory: [mem 0xfe000000-0xfe9fffff]
Jul 31 14:03:47 desktop kernel: PM: hibernation: Registered nosave memory: [mem 0xfea00000-0xfea0ffff]
Jul 31 14:03:47 desktop kernel: PM: hibernation: Registered nosave memory: [mem 0xfea10000-0xfeb7ffff]
Jul 31 14:03:47 desktop kernel: PM: hibernation: Registered nosave memory: [mem 0xfeb80000-0xfec01fff]
Jul 31 14:03:47 desktop kernel: PM: hibernation: Registered nosave memory: [mem 0xfec02000-0xfec0ffff]
Jul 31 14:03:47 desktop kernel: PM: hibernation: Registered nosave memory: [mem 0xfec10000-0xfec10fff]
Jul 31 14:03:47 desktop kernel: PM: hibernation: Registered nosave memory: [mem 0xfec11000-0xfec2ffff]
Jul 31 14:03:47 desktop kernel: PM: hibernation: Registered nosave memory: [mem 0xfec30000-0xfec30fff]
Jul 31 14:03:47 desktop kernel: PM: hibernation: Registered nosave memory: [mem 0xfec31000-0xfecfffff]
Jul 31 14:03:47 desktop kernel: PM: hibernation: Registered nosave memory: [mem 0xfed00000-0xfed00fff]
Jul 31 14:03:47 desktop kernel: PM: hibernation: Registered nosave memory: [mem 0xfed01000-0xfed3ffff]
Jul 31 14:03:47 desktop kernel: PM: hibernation: Registered nosave memory: [mem 0xfed40000-0xfed44fff]
Jul 31 14:03:47 desktop kernel: PM: hibernation: Registered nosave memory: [mem 0xfed45000-0xfed7ffff]
Jul 31 14:03:47 desktop kernel: PM: hibernation: Registered nosave memory: [mem 0xfed80000-0xfed8ffff]
Jul 31 14:03:47 desktop kernel: PM: hibernation: Registered nosave memory: [mem 0xfed90000-0xfedc1fff]
Jul 31 14:03:47 desktop kernel: PM: hibernation: Registered nosave memory: [mem 0xfedc2000-0xfedcffff]
Jul 31 14:03:47 desktop kernel: PM: hibernation: Registered nosave memory: [mem 0xfedd0000-0xfedd3fff]
Jul 31 14:03:47 desktop kernel: PM: hibernation: Registered nosave memory: [mem 0xfedd4000-0xfedd5fff]
Jul 31 14:03:47 desktop kernel: PM: hibernation: Registered nosave memory: [mem 0xfedd6000-0xfedfffff]
Jul 31 14:03:47 desktop kernel: PM: hibernation: Registered nosave memory: [mem 0xfee00000-0xfeefffff]
Jul 31 14:03:47 desktop kernel: PM: hibernation: Registered nosave memory: [mem 0xfef00000-0xfeffffff]
Jul 31 14:03:47 desktop kernel: PM: hibernation: Registered nosave memory: [mem 0xff000000-0xffffffff]
Jul 31 14:03:47 desktop kernel: [mem 0xe0000000-0xf7ffffff] available for PCI devices
Jul 31 14:03:47 desktop kernel: Booting paravirtualized kernel on bare hardware
Jul 31 14:03:47 desktop kernel: clocksource: refined-jiffies: mask: 0xffffffff max_cycles: 0xffffffff, max_idle_ns: 19112604462750000 ns
Jul 31 14:03:47 desktop kernel: setup_percpu: NR_CPUS:320 nr_cpumask_bits:320 nr_cpu_ids:16 nr_node_ids:1
Jul 31 14:03:47 desktop kernel: percpu: Embedded 61 pages/cpu s212992 r8192 d28672 u262144
Jul 31 14:03:47 desktop kernel: pcpu-alloc: s212992 r8192 d28672 u262144 alloc=1*2097152
Jul 31 14:03:47 desktop kernel: pcpu-alloc: [0] 00 01 02 03 04 05 06 07 [0] 08 09 10 11 12 13 14 15 
Jul 31 14:03:47 desktop kernel: Built 1 zonelists, mobility grouping on.  Total pages: 4116607
Jul 31 14:03:47 desktop kernel: Policy zone: Normal
Jul 31 14:03:47 desktop kernel: Kernel command line: BOOT_IMAGE=/boot/vmlinuz-linux-lts root=/dev/mapper/volgroup0-lv_root rw loglevel=3 quiet
Jul 31 14:03:47 desktop kernel: Unknown kernel command line parameters "BOOT_IMAGE=/boot/vmlinuz-linux-lts", will be passed to user space.
Jul 31 14:03:47 desktop kernel: Dentry cache hash table entries: 2097152 (order: 12, 16777216 bytes, linear)
Jul 31 14:03:47 desktop kernel: Inode-cache hash table entries: 1048576 (order: 11, 8388608 bytes, linear)
Jul 31 14:03:47 desktop kernel: mem auto-init: stack:byref_all(zero), heap alloc:on, heap free:off
Jul 31 14:03:47 desktop kernel: Memory: 16264072K/16728456K available (14344K kernel code, 2055K rwdata, 10756K rodata, 1980K init, 3832K bss, 464124K reserved, 0K cma-reserved)
Jul 31 14:03:47 desktop kernel: SLUB: HWalign=64, Order=0-3, MinObjects=0, CPUs=16, Nodes=1
Jul 31 14:03:47 desktop kernel: ftrace: allocating 44160 entries in 173 pages
Jul 31 14:03:47 desktop kernel: ftrace: allocated 173 pages with 5 groups
Jul 31 14:03:47 desktop kernel: rcu: Hierarchical RCU implementation.
Jul 31 14:03:47 desktop kernel: rcu:         RCU restricting CPUs from NR_CPUS=320 to nr_cpu_ids=16.
Jul 31 14:03:47 desktop kernel:         Rude variant of Tasks RCU enabled.
Jul 31 14:03:47 desktop kernel:         Tracing variant of Tasks RCU enabled.
Jul 31 14:03:47 desktop kernel: rcu: RCU calculated value of scheduler-enlistment delay is 10 jiffies.
Jul 31 14:03:47 desktop kernel: rcu: Adjusting geometry for rcu_fanout_leaf=16, nr_cpu_ids=16
Jul 31 14:03:47 desktop kernel: NR_IRQS: 20736, nr_irqs: 1096, preallocated irqs: 16
Jul 31 14:03:47 desktop kernel: kfence: initialized - using 2097152 bytes for 255 objects at 0x(____ptrval____)-0x(____ptrval____)
Jul 31 14:03:47 desktop kernel: random: crng init done
Jul 31 14:03:47 desktop kernel: Console: colour dummy device 80x25
Jul 31 14:03:47 desktop kernel: printk: console [tty0] enabled
Jul 31 14:03:47 desktop kernel: ACPI: Core revision 20210730
Jul 31 14:03:47 desktop kernel: clocksource: hpet: mask: 0xffffffff max_cycles: 0xffffffff, max_idle_ns: 133484873504 ns
Jul 31 14:03:47 desktop kernel: APIC: Switch to symmetric I/O mode setup
Jul 31 14:03:47 desktop kernel: Switched APIC routing to physical flat.
Jul 31 14:03:47 desktop kernel: ..TIMER: vector=0x30 apic1=0 pin1=2 apic2=-1 pin2=-1
Jul 31 14:03:47 desktop kernel: tsc: PIT calibration matches HPET. 2 loops
Jul 31 14:03:47 desktop kernel: tsc: Detected 3599.638 MHz processor
Jul 31 14:03:47 desktop kernel: clocksource: tsc-early: mask: 0xffffffffffffffff max_cycles: 0x33e2fdd1c99, max_idle_ns: 440795328494 ns
Jul 31 14:03:47 desktop kernel: Calibrating delay loop (skipped), value calculated using timer frequency.. 7199.27 BogoMIPS (lpj=35996380)
Jul 31 14:03:47 desktop kernel: pid_max: default: 32768 minimum: 301
Jul 31 14:03:47 desktop kernel: LSM: Security Framework initializing
Jul 31 14:03:47 desktop kernel: landlock: Up and running.
Jul 31 14:03:47 desktop kernel: Yama: becoming mindful.
Jul 31 14:03:47 desktop kernel: LSM support for eBPF active
Jul 31 14:03:47 desktop kernel: Mount-cache hash table entries: 32768 (order: 6, 262144 bytes, linear)
Jul 31 14:03:47 desktop kernel: Mountpoint-cache hash table entries: 32768 (order: 6, 262144 bytes, linear)
Jul 31 14:03:47 desktop kernel: LVT offset 1 assigned for vector 0xf9
Jul 31 14:03:47 desktop kernel: LVT offset 2 assigned for vector 0xf4
Jul 31 14:03:47 desktop kernel: Last level iTLB entries: 4KB 1024, 2MB 1024, 4MB 512
Jul 31 14:03:47 desktop kernel: Last level dTLB entries: 4KB 1536, 2MB 1536, 4MB 768, 1GB 0
Jul 31 14:03:47 desktop kernel: Spectre V1 : Mitigation: usercopy/swapgs barriers and __user pointer sanitization
Jul 31 14:03:47 desktop kernel: Spectre V2 : Mitigation: Retpolines
Jul 31 14:03:47 desktop kernel: Spectre V2 : Spectre v2 / SpectreRSB mitigation: Filling RSB on context switch
Jul 31 14:03:47 desktop kernel: Speculative Store Bypass: Mitigation: Speculative Store Bypass disabled via prctl and seccomp
Jul 31 14:03:47 desktop kernel: Freeing SMP alternatives memory: 36K
Jul 31 14:03:47 desktop kernel: smpboot: CPU0: AMD Ryzen 5 1600X Six-Core Processor (family: 0x17, model: 0x1, stepping: 0x1)
Jul 31 14:03:47 desktop kernel: Performance Events: Fam17h+ core perfctr, AMD PMU driver.
Jul 31 14:03:47 desktop kernel: ... version:                0
Jul 31 14:03:47 desktop kernel: ... bit width:              48
Jul 31 14:03:47 desktop kernel: ... generic registers:      6
Jul 31 14:03:47 desktop kernel: ... value mask:             0000ffffffffffff
Jul 31 14:03:47 desktop kernel: ... max period:             00007fffffffffff
Jul 31 14:03:47 desktop kernel: ... fixed-purpose events:   0
Jul 31 14:03:47 desktop kernel: ... event mask:             000000000000003f
Jul 31 14:03:47 desktop kernel: rcu: Hierarchical SRCU implementation.
Jul 31 14:03:47 desktop kernel: NMI watchdog: Enabled. Permanently consumes one hw-PMU counter.
Jul 31 14:03:47 desktop kernel: smp: Bringing up secondary CPUs ...
Jul 31 14:03:47 desktop kernel: x86: Booting SMP configuration:
Jul 31 14:03:47 desktop kernel: .... node  #0, CPUs:        #1  #2  #3  #4  #5  #6  #7  #8  #9 #10 #11
Jul 31 14:03:47 desktop kernel: smp: Brought up 1 node, 12 CPUs
Jul 31 14:03:47 desktop kernel: smpboot: Max logical packages: 2
Jul 31 14:03:47 desktop kernel: smpboot: Total of 12 processors activated (86391.31 BogoMIPS)
Jul 31 14:03:47 desktop kernel: devtmpfs: initialized
Jul 31 14:03:47 desktop kernel: x86/mm: Memory block size: 128MB
Jul 31 14:03:47 desktop kernel: ACPI: PM: Registering ACPI NVS region [mem 0xdd4c5000-0xdd896fff] (4005888 bytes)
Jul 31 14:03:47 desktop kernel: clocksource: jiffies: mask: 0xffffffff max_cycles: 0xffffffff, max_idle_ns: 19112604462750000 ns
Jul 31 14:03:47 desktop kernel: futex hash table entries: 4096 (order: 6, 262144 bytes, linear)
Jul 31 14:03:47 desktop kernel: pinctrl core: initialized pinctrl subsystem
Jul 31 14:03:47 desktop kernel: PM: RTC time: 21:03:44, date: 2022-07-31
Jul 31 14:03:47 desktop kernel: NET: Registered PF_NETLINK/PF_ROUTE protocol family
Jul 31 14:03:47 desktop kernel: DMA: preallocated 2048 KiB GFP_KERNEL pool for atomic allocations
Jul 31 14:03:47 desktop kernel: DMA: preallocated 2048 KiB GFP_KERNEL|GFP_DMA pool for atomic allocations
Jul 31 14:03:47 desktop kernel: DMA: preallocated 2048 KiB GFP_KERNEL|GFP_DMA32 pool for atomic allocations
Jul 31 14:03:47 desktop kernel: audit: initializing netlink subsys (disabled)
Jul 31 14:03:47 desktop kernel: audit: type=2000 audit(1659301424.220:1): state=initialized audit_enabled=0 res=1
Jul 31 14:03:47 desktop kernel: thermal_sys: Registered thermal governor 'fair_share'
Jul 31 14:03:47 desktop kernel: thermal_sys: Registered thermal governor 'bang_bang'
Jul 31 14:03:47 desktop kernel: thermal_sys: Registered thermal governor 'step_wise'
Jul 31 14:03:47 desktop kernel: thermal_sys: Registered thermal governor 'user_space'
Jul 31 14:03:47 desktop kernel: thermal_sys: Registered thermal governor 'power_allocator'
Jul 31 14:03:47 desktop kernel: cpuidle: using governor ladder
Jul 31 14:03:47 desktop kernel: cpuidle: using governor menu
Jul 31 14:03:47 desktop kernel: HugeTLB: can free 4094 vmemmap pages for hugepages-1048576kB
Jul 31 14:03:47 desktop kernel: ACPI: bus type PCI registered
Jul 31 14:03:47 desktop kernel: acpiphp: ACPI Hot Plug PCI Controller Driver version: 0.5
Jul 31 14:03:47 desktop kernel: PCI: MMCONFIG for domain 0000 [bus 00-3f] at [mem 0xf8000000-0xfbffffff] (base 0xf8000000)
Jul 31 14:03:47 desktop kernel: PCI: MMCONFIG at [mem 0xf8000000-0xfbffffff] reserved in E820
Jul 31 14:03:47 desktop kernel: pmd_set_huge: Cannot satisfy [mem 0xf8000000-0xf8200000] with a huge-page mapping due to MTRR override.
Jul 31 14:03:47 desktop kernel: PCI: Using configuration type 1 for base access
Jul 31 14:03:47 desktop kernel: Kprobes globally optimized
Jul 31 14:03:47 desktop kernel: HugeTLB: can free 6 vmemmap pages for hugepages-2048kB
Jul 31 14:03:47 desktop kernel: HugeTLB registered 1.00 GiB page size, pre-allocated 0 pages
Jul 31 14:03:47 desktop kernel: HugeTLB registered 2.00 MiB page size, pre-allocated 0 pages
Jul 31 14:03:47 desktop kernel: ACPI: Added _OSI(Module Device)
Jul 31 14:03:47 desktop kernel: ACPI: Added _OSI(Processor Device)
Jul 31 14:03:47 desktop kernel: ACPI: Added _OSI(3.0 _SCP Extensions)
Jul 31 14:03:47 desktop kernel: ACPI: Added _OSI(Processor Aggregator Device)
Jul 31 14:03:47 desktop kernel: ACPI: Added _OSI(Linux-Dell-Video)
Jul 31 14:03:47 desktop kernel: ACPI: Added _OSI(Linux-Lenovo-NV-HDMI-Audio)
Jul 31 14:03:47 desktop kernel: ACPI: Added _OSI(Linux-HPI-Hybrid-Graphics)
Jul 31 14:03:47 desktop kernel: ACPI: [Firmware Bug]: BIOS _OSI(Linux) query ignored
Jul 31 14:03:47 desktop kernel: ACPI: 7 ACPI AML tables successfully acquired and loaded
Jul 31 14:03:47 desktop kernel: ACPI: Interpreter enabled
Jul 31 14:03:47 desktop kernel: ACPI: PM: (supports S0 S3 S4 S5)
Jul 31 14:03:47 desktop kernel: ACPI: Using IOAPIC for interrupt routing
Jul 31 14:03:47 desktop kernel: PCI: Using host bridge windows from ACPI; if necessary, use "pci=nocrs" and report a bug
Jul 31 14:03:47 desktop kernel: ACPI: Enabled 2 GPEs in block 00 to 1F
Jul 31 14:03:47 desktop kernel: ACPI: PCI Root Bridge [PCI0] (domain 0000 [bus 00-ff])
Jul 31 14:03:47 desktop kernel: acpi PNP0A08:00: _OSC: OS supports [ExtendedConfig ASPM ClockPM Segments MSI EDR HPX-Type3]
Jul 31 14:03:47 desktop kernel: acpi PNP0A08:00: _OSC: platform does not support [SHPCHotplug LTR DPC]
Jul 31 14:03:47 desktop kernel: acpi PNP0A08:00: _OSC: OS now controls [PCIeHotplug PME AER PCIeCapability]
Jul 31 14:03:47 desktop kernel: acpi PNP0A08:00: [Firmware Info]: MMCONFIG for domain 0000 [bus 00-3f] only partially covers this bridge
Jul 31 14:03:47 desktop kernel: PCI host bridge to bus 0000:00
Jul 31 14:03:47 desktop kernel: pci_bus 0000:00: root bus resource [io  0x0000-0x03af window]
Jul 31 14:03:47 desktop kernel: pci_bus 0000:00: root bus resource [io  0x03e0-0x0cf7 window]
Jul 31 14:03:47 desktop kernel: pci_bus 0000:00: root bus resource [io  0x03b0-0x03df window]
Jul 31 14:03:47 desktop kernel: pci_bus 0000:00: root bus resource [io  0x0d00-0xffff window]
Jul 31 14:03:47 desktop kernel: pci_bus 0000:00: root bus resource [mem 0x000a0000-0x000bffff window]
Jul 31 14:03:47 desktop kernel: pci_bus 0000:00: root bus resource [mem 0x000c0000-0x000dffff window]
Jul 31 14:03:47 desktop kernel: pci_bus 0000:00: root bus resource [mem 0xe0000000-0xfec2ffff window]
Jul 31 14:03:47 desktop kernel: pci_bus 0000:00: root bus resource [mem 0xfee00000-0xffffffff window]
Jul 31 14:03:47 desktop kernel: pci_bus 0000:00: root bus resource [bus 00-ff]
Jul 31 14:03:47 desktop kernel: pci 0000:00:00.0: [1022:1450] type 00 class 0x060000
Jul 31 14:03:47 desktop kernel: pci 0000:00:00.2: [1022:1451] type 00 class 0x080600
Jul 31 14:03:47 desktop kernel: pci 0000:00:01.0: [1022:1452] type 00 class 0x060000
Jul 31 14:03:47 desktop kernel: pci 0000:00:01.3: [1022:1453] type 01 class 0x060400
Jul 31 14:03:47 desktop kernel: pci 0000:00:01.3: PME# supported from D0 D3hot D3cold
Jul 31 14:03:47 desktop kernel: pci 0000:00:02.0: [1022:1452] type 00 class 0x060000
Jul 31 14:03:47 desktop kernel: pci 0000:00:03.0: [1022:1452] type 00 class 0x060000
Jul 31 14:03:47 desktop kernel: pci 0000:00:03.1: [1022:1453] type 01 class 0x060400
Jul 31 14:03:47 desktop kernel: pci 0000:00:03.1: PME# supported from D0 D3hot D3cold
Jul 31 14:03:47 desktop kernel: pci 0000:00:04.0: [1022:1452] type 00 class 0x060000
Jul 31 14:03:47 desktop kernel: pci 0000:00:07.0: [1022:1452] type 00 class 0x060000
Jul 31 14:03:47 desktop kernel: pci 0000:00:07.1: [1022:1454] type 01 class 0x060400
Jul 31 14:03:47 desktop kernel: pci 0000:00:07.1: enabling Extended Tags
Jul 31 14:03:47 desktop kernel: pci 0000:00:07.1: PME# supported from D0 D3hot D3cold
Jul 31 14:03:47 desktop kernel: pci 0000:00:08.0: [1022:1452] type 00 class 0x060000
Jul 31 14:03:47 desktop kernel: pci 0000:00:08.1: [1022:1454] type 01 class 0x060400
Jul 31 14:03:47 desktop kernel: pci 0000:00:08.1: enabling Extended Tags
Jul 31 14:03:47 desktop kernel: pci 0000:00:08.1: PME# supported from D0 D3hot D3cold
Jul 31 14:03:47 desktop kernel: pci 0000:00:14.0: [1022:790b] type 00 class 0x0c0500
Jul 31 14:03:47 desktop kernel: pci 0000:00:14.3: [1022:790e] type 00 class 0x060100
Jul 31 14:03:47 desktop kernel: pci 0000:00:18.0: [1022:1460] type 00 class 0x060000
Jul 31 14:03:47 desktop kernel: pci 0000:00:18.1: [1022:1461] type 00 class 0x060000
Jul 31 14:03:47 desktop kernel: pci 0000:00:18.2: [1022:1462] type 00 class 0x060000
Jul 31 14:03:47 desktop kernel: pci 0000:00:18.3: [1022:1463] type 00 class 0x060000
Jul 31 14:03:47 desktop kernel: pci 0000:00:18.4: [1022:1464] type 00 class 0x060000
Jul 31 14:03:47 desktop kernel: pci 0000:00:18.5: [1022:1465] type 00 class 0x060000
Jul 31 14:03:47 desktop kernel: pci 0000:00:18.6: [1022:1466] type 00 class 0x060000
Jul 31 14:03:47 desktop kernel: pci 0000:00:18.7: [1022:1467] type 00 class 0x060000
Jul 31 14:03:47 desktop kernel: pci 0000:03:00.0: [1022:43bb] type 00 class 0x0c0330
Jul 31 14:03:47 desktop kernel: pci 0000:03:00.0: reg 0x10: [mem 0xfd6a0000-0xfd6a7fff 64bit]
Jul 31 14:03:47 desktop kernel: pci 0000:03:00.0: PME# supported from D3hot D3cold
Jul 31 14:03:47 desktop kernel: pci 0000:03:00.1: [1022:43b7] type 00 class 0x010601
Jul 31 14:03:47 desktop kernel: pci 0000:03:00.1: reg 0x24: [mem 0xfd680000-0xfd69ffff]
Jul 31 14:03:47 desktop kernel: pci 0000:03:00.1: reg 0x30: [mem 0xfd600000-0xfd67ffff pref]
Jul 31 14:03:47 desktop kernel: pci 0000:03:00.1: PME# supported from D3hot D3cold
Jul 31 14:03:47 desktop kernel: pci 0000:03:00.2: [1022:43b2] type 01 class 0x060400
Jul 31 14:03:47 desktop kernel: pci 0000:03:00.2: PME# supported from D3hot D3cold
Jul 31 14:03:47 desktop kernel: pci 0000:00:01.3: PCI bridge to [bus 03-22]
Jul 31 14:03:47 desktop kernel: pci 0000:00:01.3:   bridge window [io  0xf000-0xffff]
Jul 31 14:03:47 desktop kernel: pci 0000:00:01.3:   bridge window [mem 0xfd500000-0xfd6fffff]
Jul 31 14:03:47 desktop kernel: pci 0000:04:00.0: [1022:43b4] type 01 class 0x060400
Jul 31 14:03:47 desktop kernel: pci 0000:04:00.0: PME# supported from D3hot D3cold
Jul 31 14:03:47 desktop kernel: pci 0000:04:01.0: [1022:43b4] type 01 class 0x060400
Jul 31 14:03:47 desktop kernel: pci 0000:04:01.0: PME# supported from D3hot D3cold
Jul 31 14:03:47 desktop kernel: pci 0000:04:04.0: [1022:43b4] type 01 class 0x060400
Jul 31 14:03:47 desktop kernel: pci 0000:04:04.0: PME# supported from D3hot D3cold
Jul 31 14:03:47 desktop kernel: pci 0000:03:00.2: PCI bridge to [bus 04-22]
Jul 31 14:03:47 desktop kernel: pci 0000:03:00.2:   bridge window [io  0xf000-0xffff]
Jul 31 14:03:47 desktop kernel: pci 0000:03:00.2:   bridge window [mem 0xfd500000-0xfd5fffff]
Jul 31 14:03:47 desktop kernel: pci 0000:1f:00.0: [1b21:1080] type 01 class 0x060400
Jul 31 14:03:47 desktop kernel: pci 0000:1f:00.0: supports D1 D2
Jul 31 14:03:47 desktop kernel: pci 0000:1f:00.0: PME# supported from D0 D1 D2 D3hot D3cold
Jul 31 14:03:47 desktop kernel: pci 0000:04:00.0: PCI bridge to [bus 1f-20]
Jul 31 14:03:47 desktop kernel: pci_bus 0000:20: extended config space not accessible
Jul 31 14:03:47 desktop kernel: pci 0000:1f:00.0: PCI bridge to [bus 20]
Jul 31 14:03:47 desktop kernel: pci 0000:21:00.0: [10ec:8168] type 00 class 0x020000
Jul 31 14:03:47 desktop kernel: pci 0000:21:00.0: reg 0x10: [io  0xf000-0xf0ff]
Jul 31 14:03:47 desktop kernel: pci 0000:21:00.0: reg 0x18: [mem 0xfd504000-0xfd504fff 64bit]
Jul 31 14:03:47 desktop kernel: pci 0000:21:00.0: reg 0x20: [mem 0xfd500000-0xfd503fff 64bit]
Jul 31 14:03:47 desktop kernel: pci 0000:21:00.0: supports D1 D2
Jul 31 14:03:47 desktop kernel: pci 0000:21:00.0: PME# supported from D0 D1 D2 D3hot D3cold
Jul 31 14:03:47 desktop kernel: pci 0000:04:01.0: PCI bridge to [bus 21]
Jul 31 14:03:47 desktop kernel: pci 0000:04:01.0:   bridge window [io  0xf000-0xffff]
Jul 31 14:03:47 desktop kernel: pci 0000:04:01.0:   bridge window [mem 0xfd500000-0xfd5fffff]
Jul 31 14:03:47 desktop kernel: pci 0000:04:04.0: PCI bridge to [bus 22]
Jul 31 14:03:47 desktop kernel: pci 0000:23:00.0: [10de:1c03] type 00 class 0x030000
Jul 31 14:03:47 desktop kernel: pci 0000:23:00.0: reg 0x10: [mem 0xfc000000-0xfcffffff]
Jul 31 14:03:47 desktop kernel: pci 0000:23:00.0: reg 0x14: [mem 0xe0000000-0xefffffff 64bit pref]
Jul 31 14:03:47 desktop kernel: pci 0000:23:00.0: reg 0x1c: [mem 0xf0000000-0xf1ffffff 64bit pref]
Jul 31 14:03:47 desktop kernel: pci 0000:23:00.0: reg 0x24: [io  0xe000-0xe07f]
Jul 31 14:03:47 desktop kernel: pci 0000:23:00.0: reg 0x30: [mem 0xfd000000-0xfd07ffff pref]
Jul 31 14:03:47 desktop kernel: pci 0000:23:00.0: BAR 3: assigned to efifb
Jul 31 14:03:47 desktop kernel: pci 0000:23:00.0: Video device with shadowed ROM at [mem 0x000c0000-0x000dffff]
Jul 31 14:03:47 desktop kernel: pci 0000:23:00.0: 32.000 Gb/s available PCIe bandwidth, limited by 2.5 GT/s PCIe x16 link at 0000:00:03.1 (capable of 126.016 Gb/s with 8.0 GT/s PCIe x16 link)
Jul 31 14:03:47 desktop kernel: pci 0000:23:00.1: [10de:10f1] type 00 class 0x040300
Jul 31 14:03:47 desktop kernel: pci 0000:23:00.1: reg 0x10: [mem 0xfd080000-0xfd083fff]
Jul 31 14:03:47 desktop kernel: pci 0000:00:03.1: ASPM: current common clock configuration is inconsistent, reconfiguring
Jul 31 14:03:47 desktop kernel: pci 0000:00:03.1: PCI bridge to [bus 23]
Jul 31 14:03:47 desktop kernel: pci 0000:00:03.1:   bridge window [io  0xe000-0xefff]
Jul 31 14:03:47 desktop kernel: pci 0000:00:03.1:   bridge window [mem 0xfc000000-0xfd0fffff]
Jul 31 14:03:47 desktop kernel: pci 0000:00:03.1:   bridge window [mem 0xe0000000-0xf1ffffff 64bit pref]
Jul 31 14:03:47 desktop kernel: pci 0000:24:00.0: [1022:145a] type 00 class 0x130000
Jul 31 14:03:47 desktop kernel: pci 0000:24:00.0: enabling Extended Tags
Jul 31 14:03:47 desktop kernel: pci 0000:24:00.2: [1022:1456] type 00 class 0x108000
Jul 31 14:03:47 desktop kernel: pci 0000:24:00.2: reg 0x18: [mem 0xfd300000-0xfd3fffff]
Jul 31 14:03:47 desktop kernel: pci 0000:24:00.2: reg 0x24: [mem 0xfd400000-0xfd401fff]
Jul 31 14:03:47 desktop kernel: pci 0000:24:00.2: enabling Extended Tags
Jul 31 14:03:47 desktop kernel: pci 0000:24:00.3: [1022:145c] type 00 class 0x0c0330
Jul 31 14:03:47 desktop kernel: pci 0000:24:00.3: reg 0x10: [mem 0xfd200000-0xfd2fffff 64bit]
Jul 31 14:03:47 desktop kernel: pci 0000:24:00.3: enabling Extended Tags
Jul 31 14:03:47 desktop kernel: pci 0000:24:00.3: PME# supported from D0 D3hot D3cold
Jul 31 14:03:47 desktop kernel: pci 0000:00:07.1: PCI bridge to [bus 24]
Jul 31 14:03:47 desktop kernel: pci 0000:00:07.1:   bridge window [mem 0xfd200000-0xfd4fffff]
Jul 31 14:03:47 desktop kernel: pci 0000:25:00.0: [1022:1455] type 00 class 0x130000
Jul 31 14:03:47 desktop kernel: pci 0000:25:00.0: enabling Extended Tags
Jul 31 14:03:47 desktop kernel: pci 0000:25:00.2: [1022:7901] type 00 class 0x010601
Jul 31 14:03:47 desktop kernel: pci 0000:25:00.2: reg 0x24: [mem 0xfd708000-0xfd708fff]
Jul 31 14:03:47 desktop kernel: pci 0000:25:00.2: enabling Extended Tags
Jul 31 14:03:47 desktop kernel: pci 0000:25:00.2: PME# supported from D3hot D3cold
Jul 31 14:03:47 desktop kernel: pci 0000:25:00.3: [1022:1457] type 00 class 0x040300
Jul 31 14:03:47 desktop kernel: pci 0000:25:00.3: reg 0x10: [mem 0xfd700000-0xfd707fff]
Jul 31 14:03:47 desktop kernel: pci 0000:25:00.3: enabling Extended Tags
Jul 31 14:03:47 desktop kernel: pci 0000:25:00.3: PME# supported from D0 D3hot D3cold
Jul 31 14:03:47 desktop kernel: pci 0000:00:08.1: PCI bridge to [bus 25]
Jul 31 14:03:47 desktop kernel: pci 0000:00:08.1:   bridge window [mem 0xfd700000-0xfd7fffff]
Jul 31 14:03:47 desktop kernel: ACPI: PCI: Interrupt link LNKA configured for IRQ 0
Jul 31 14:03:47 desktop kernel: ACPI: PCI: Interrupt link LNKB configured for IRQ 0
Jul 31 14:03:47 desktop kernel: ACPI: PCI: Interrupt link LNKC configured for IRQ 0
Jul 31 14:03:47 desktop kernel: ACPI: PCI: Interrupt link LNKD configured for IRQ 0
Jul 31 14:03:47 desktop kernel: ACPI: PCI: Interrupt link LNKE configured for IRQ 0
Jul 31 14:03:47 desktop kernel: ACPI: PCI: Interrupt link LNKF configured for IRQ 0
Jul 31 14:03:47 desktop kernel: ACPI: PCI: Interrupt link LNKG configured for IRQ 0
Jul 31 14:03:47 desktop kernel: ACPI: PCI: Interrupt link LNKH configured for IRQ 0
Jul 31 14:03:47 desktop kernel: iommu: Default domain type: Translated 
Jul 31 14:03:47 desktop kernel: iommu: DMA domain TLB invalidation policy: lazy mode 
Jul 31 14:03:47 desktop kernel: pci 0000:23:00.0: vgaarb: setting as boot VGA device
Jul 31 14:03:47 desktop kernel: pci 0000:23:00.0: vgaarb: VGA device added: decodes=io+mem,owns=io+mem,locks=none
Jul 31 14:03:47 desktop kernel: pci 0000:23:00.0: vgaarb: bridge control possible
Jul 31 14:03:47 desktop kernel: vgaarb: loaded
Jul 31 14:03:47 desktop kernel: SCSI subsystem initialized
Jul 31 14:03:47 desktop kernel: libata version 3.00 loaded.
Jul 31 14:03:47 desktop kernel: ACPI: bus type USB registered
Jul 31 14:03:47 desktop kernel: usbcore: registered new interface driver usbfs
Jul 31 14:03:47 desktop kernel: usbcore: registered new interface driver hub
Jul 31 14:03:47 desktop kernel: usbcore: registered new device driver usb
Jul 31 14:03:47 desktop kernel: pps_core: LinuxPPS API ver. 1 registered
Jul 31 14:03:47 desktop kernel: pps_core: Software ver. 5.3.6 - Copyright 2005-2007 Rodolfo Giometti <giometti@linux.it>
Jul 31 14:03:47 desktop kernel: PTP clock support registered
Jul 31 14:03:47 desktop kernel: EDAC MC: Ver: 3.0.0
Jul 31 14:03:47 desktop kernel: Registered efivars operations
Jul 31 14:03:47 desktop kernel: NetLabel: Initializing
Jul 31 14:03:47 desktop kernel: NetLabel:  domain hash size = 128
Jul 31 14:03:47 desktop kernel: NetLabel:  protocols = UNLABELED CIPSOv4 CALIPSO
Jul 31 14:03:47 desktop kernel: NetLabel:  unlabeled traffic allowed by default
Jul 31 14:03:47 desktop kernel: PCI: Using ACPI for IRQ routing
Jul 31 14:03:47 desktop kernel: PCI: pci_cache_line_size set to 64 bytes
Jul 31 14:03:47 desktop kernel: e820: reserve RAM buffer [mem 0x09d80000-0x0bffffff]
Jul 31 14:03:47 desktop kernel: e820: reserve RAM buffer [mem 0xd8177000-0xdbffffff]
Jul 31 14:03:47 desktop kernel: e820: reserve RAM buffer [mem 0xdb32f000-0xdbffffff]
Jul 31 14:03:47 desktop kernel: e820: reserve RAM buffer [mem 0xdd2b9000-0xdfffffff]
Jul 31 14:03:47 desktop kernel: e820: reserve RAM buffer [mem 0xdd4c5000-0xdfffffff]
Jul 31 14:03:47 desktop kernel: e820: reserve RAM buffer [mem 0xdf000000-0xdfffffff]
Jul 31 14:03:47 desktop kernel: e820: reserve RAM buffer [mem 0x41f380000-0x41fffffff]
Jul 31 14:03:47 desktop kernel: hpet0: at MMIO 0xfed00000, IRQs 2, 8, 0
Jul 31 14:03:47 desktop kernel: hpet0: 3 comparators, 32-bit 14.318180 MHz counter
Jul 31 14:03:47 desktop kernel: clocksource: Switched to clocksource tsc-early
Jul 31 14:03:47 desktop kernel: VFS: Disk quotas dquot_6.6.0
Jul 31 14:03:47 desktop kernel: VFS: Dquot-cache hash table entries: 512 (order 0, 4096 bytes)
Jul 31 14:03:47 desktop kernel: pnp: PnP ACPI init
Jul 31 14:03:47 desktop kernel: system 00:00: [mem 0xf8000000-0xfbffffff] has been reserved
Jul 31 14:03:47 desktop kernel: system 00:01: [mem 0xfeb80000-0xfebfffff] could not be reserved
Jul 31 14:03:47 desktop kernel: system 00:03: [io  0x0a00-0x0a0f] has been reserved
Jul 31 14:03:47 desktop kernel: system 00:03: [io  0x0a10-0x0a1f] has been reserved
Jul 31 14:03:47 desktop kernel: system 00:03: [io  0x0a20-0x0a2f] has been reserved
Jul 31 14:03:47 desktop kernel: system 00:03: [io  0x0a40-0x0a4f] has been reserved
Jul 31 14:03:47 desktop kernel: pnp 00:04: [dma 0 disabled]
Jul 31 14:03:47 desktop kernel: pnp 00:05: [dma 0 disabled]
Jul 31 14:03:47 desktop kernel: system 00:06: [io  0x04d0-0x04d1] has been reserved
Jul 31 14:03:47 desktop kernel: system 00:06: [io  0x040b] has been reserved
Jul 31 14:03:47 desktop kernel: system 00:06: [io  0x04d6] has been reserved
Jul 31 14:03:47 desktop kernel: system 00:06: [io  0x0c00-0x0c01] has been reserved
Jul 31 14:03:47 desktop kernel: system 00:06: [io  0x0c14] has been reserved
Jul 31 14:03:47 desktop kernel: system 00:06: [io  0x0c50-0x0c51] has been reserved
Jul 31 14:03:47 desktop kernel: system 00:06: [io  0x0c52] has been reserved
Jul 31 14:03:47 desktop kernel: system 00:06: [io  0x0c6c] has been reserved
Jul 31 14:03:47 desktop kernel: system 00:06: [io  0x0c6f] has been reserved
Jul 31 14:03:47 desktop kernel: system 00:06: [io  0x0cd0-0x0cd1] has been reserved
Jul 31 14:03:47 desktop kernel: system 00:06: [io  0x0cd2-0x0cd3] has been reserved
Jul 31 14:03:47 desktop kernel: system 00:06: [io  0x0cd4-0x0cd5] has been reserved
Jul 31 14:03:47 desktop kernel: system 00:06: [io  0x0cd6-0x0cd7] has been reserved
Jul 31 14:03:47 desktop kernel: system 00:06: [io  0x0cd8-0x0cdf] has been reserved
Jul 31 14:03:47 desktop kernel: system 00:06: [io  0x0800-0x089f] has been reserved
Jul 31 14:03:47 desktop kernel: system 00:06: [io  0x0b00-0x0b0f] has been reserved
Jul 31 14:03:47 desktop kernel: system 00:06: [io  0x0b20-0x0b3f] has been reserved
Jul 31 14:03:47 desktop kernel: system 00:06: [io  0x0900-0x090f] has been reserved
Jul 31 14:03:47 desktop kernel: system 00:06: [io  0x0910-0x091f] has been reserved
Jul 31 14:03:47 desktop kernel: system 00:06: [mem 0xfec00000-0xfec00fff] could not be reserved
Jul 31 14:03:47 desktop kernel: system 00:06: [mem 0xfec01000-0xfec01fff] could not be reserved
Jul 31 14:03:47 desktop kernel: system 00:06: [mem 0xfedc0000-0xfedc0fff] has been reserved
Jul 31 14:03:47 desktop kernel: system 00:06: [mem 0xfee00000-0xfee00fff] has been reserved
Jul 31 14:03:47 desktop kernel: system 00:06: [mem 0xfed80000-0xfed8ffff] could not be reserved
Jul 31 14:03:47 desktop kernel: system 00:06: [mem 0xfec10000-0xfec10fff] has been reserved
Jul 31 14:03:47 desktop kernel: system 00:06: [mem 0xff000000-0xffffffff] has been reserved
Jul 31 14:03:47 desktop kernel: pnp: PnP ACPI: found 7 devices
Jul 31 14:03:47 desktop kernel: clocksource: acpi_pm: mask: 0xffffff max_cycles: 0xffffff, max_idle_ns: 2085701024 ns
Jul 31 14:03:47 desktop kernel: NET: Registered PF_INET protocol family
Jul 31 14:03:47 desktop kernel: IP idents hash table entries: 262144 (order: 9, 2097152 bytes, linear)
Jul 31 14:03:47 desktop kernel: tcp_listen_portaddr_hash hash table entries: 8192 (order: 5, 131072 bytes, linear)
Jul 31 14:03:47 desktop kernel: Table-perturb hash table entries: 65536 (order: 6, 262144 bytes, linear)
Jul 31 14:03:47 desktop kernel: TCP established hash table entries: 131072 (order: 8, 1048576 bytes, linear)
Jul 31 14:03:47 desktop kernel: TCP bind hash table entries: 65536 (order: 8, 1048576 bytes, linear)
Jul 31 14:03:47 desktop kernel: TCP: Hash tables configured (established 131072 bind 65536)
Jul 31 14:03:47 desktop kernel: MPTCP token hash table entries: 16384 (order: 6, 393216 bytes, linear)
Jul 31 14:03:47 desktop kernel: UDP hash table entries: 8192 (order: 6, 262144 bytes, linear)
Jul 31 14:03:47 desktop kernel: UDP-Lite hash table entries: 8192 (order: 6, 262144 bytes, linear)
Jul 31 14:03:47 desktop kernel: NET: Registered PF_UNIX/PF_LOCAL protocol family
Jul 31 14:03:47 desktop kernel: NET: Registered PF_XDP protocol family
Jul 31 14:03:47 desktop kernel: pci 0000:1f:00.0: PCI bridge to [bus 20]
Jul 31 14:03:47 desktop kernel: pci 0000:04:00.0: PCI bridge to [bus 1f-20]
Jul 31 14:03:47 desktop kernel: pci 0000:04:01.0: PCI bridge to [bus 21]
Jul 31 14:03:47 desktop kernel: pci 0000:04:01.0:   bridge window [io  0xf000-0xffff]
Jul 31 14:03:47 desktop kernel: pci 0000:04:01.0:   bridge window [mem 0xfd500000-0xfd5fffff]
Jul 31 14:03:47 desktop kernel: pci 0000:04:04.0: PCI bridge to [bus 22]
Jul 31 14:03:47 desktop kernel: pci 0000:03:00.2: PCI bridge to [bus 04-22]
Jul 31 14:03:47 desktop kernel: pci 0000:03:00.2:   bridge window [io  0xf000-0xffff]
Jul 31 14:03:47 desktop kernel: pci 0000:03:00.2:   bridge window [mem 0xfd500000-0xfd5fffff]
Jul 31 14:03:47 desktop kernel: pci 0000:00:01.3: PCI bridge to [bus 03-22]
Jul 31 14:03:47 desktop kernel: pci 0000:00:01.3:   bridge window [io  0xf000-0xffff]
Jul 31 14:03:47 desktop kernel: pci 0000:00:01.3:   bridge window [mem 0xfd500000-0xfd6fffff]
Jul 31 14:03:47 desktop kernel: pci 0000:00:03.1: PCI bridge to [bus 23]
Jul 31 14:03:47 desktop kernel: pci 0000:00:03.1:   bridge window [io  0xe000-0xefff]
Jul 31 14:03:47 desktop kernel: pci 0000:00:03.1:   bridge window [mem 0xfc000000-0xfd0fffff]
Jul 31 14:03:47 desktop kernel: pci 0000:00:03.1:   bridge window [mem 0xe0000000-0xf1ffffff 64bit pref]
Jul 31 14:03:47 desktop kernel: pci 0000:00:07.1: PCI bridge to [bus 24]
Jul 31 14:03:47 desktop kernel: pci 0000:00:07.1:   bridge window [mem 0xfd200000-0xfd4fffff]
Jul 31 14:03:47 desktop kernel: pci 0000:00:08.1: PCI bridge to [bus 25]
Jul 31 14:03:47 desktop kernel: pci 0000:00:08.1:   bridge window [mem 0xfd700000-0xfd7fffff]
Jul 31 14:03:47 desktop kernel: pci_bus 0000:00: resource 4 [io  0x0000-0x03af window]
Jul 31 14:03:47 desktop kernel: pci_bus 0000:00: resource 5 [io  0x03e0-0x0cf7 window]
Jul 31 14:03:47 desktop kernel: pci_bus 0000:00: resource 6 [io  0x03b0-0x03df window]
Jul 31 14:03:47 desktop kernel: pci_bus 0000:00: resource 7 [io  0x0d00-0xffff window]
Jul 31 14:03:47 desktop kernel: pci_bus 0000:00: resource 8 [mem 0x000a0000-0x000bffff window]
Jul 31 14:03:47 desktop kernel: pci_bus 0000:00: resource 9 [mem 0x000c0000-0x000dffff window]
Jul 31 14:03:47 desktop kernel: pci_bus 0000:00: resource 10 [mem 0xe0000000-0xfec2ffff window]
Jul 31 14:03:47 desktop kernel: pci_bus 0000:00: resource 11 [mem 0xfee00000-0xffffffff window]
Jul 31 14:03:47 desktop kernel: pci_bus 0000:03: resource 0 [io  0xf000-0xffff]
Jul 31 14:03:47 desktop kernel: pci_bus 0000:03: resource 1 [mem 0xfd500000-0xfd6fffff]
Jul 31 14:03:47 desktop kernel: pci_bus 0000:04: resource 0 [io  0xf000-0xffff]
Jul 31 14:03:47 desktop kernel: pci_bus 0000:04: resource 1 [mem 0xfd500000-0xfd5fffff]
Jul 31 14:03:47 desktop kernel: pci_bus 0000:21: resource 0 [io  0xf000-0xffff]
Jul 31 14:03:47 desktop kernel: pci_bus 0000:21: resource 1 [mem 0xfd500000-0xfd5fffff]
Jul 31 14:03:47 desktop kernel: pci_bus 0000:23: resource 0 [io  0xe000-0xefff]
Jul 31 14:03:47 desktop kernel: pci_bus 0000:23: resource 1 [mem 0xfc000000-0xfd0fffff]
Jul 31 14:03:47 desktop kernel: pci_bus 0000:23: resource 2 [mem 0xe0000000-0xf1ffffff 64bit pref]
Jul 31 14:03:47 desktop kernel: pci_bus 0000:24: resource 1 [mem 0xfd200000-0xfd4fffff]
Jul 31 14:03:47 desktop kernel: pci_bus 0000:25: resource 1 [mem 0xfd700000-0xfd7fffff]
Jul 31 14:03:47 desktop kernel: pci 0000:1f:00.0: Disabling ASPM L0s/L1
Jul 31 14:03:47 desktop kernel: pci 0000:23:00.1: D0 power state depends on 0000:23:00.0
Jul 31 14:03:47 desktop kernel: PCI: CLS 64 bytes, default 64
Jul 31 14:03:47 desktop kernel: AMD-Vi: [Firmware Warn]: EFR mismatch. Use IVHD EFR (0xf77ef22294ada : 0x400f77ef22294ada).
Jul 31 14:03:47 desktop kernel: pci 0000:00:00.2: AMD-Vi: IOMMU performance counters supported
Jul 31 14:03:47 desktop kernel: pci 0000:00:00.2: can't derive routing for PCI INT A
Jul 31 14:03:47 desktop kernel: pci 0000:00:00.2: PCI INT A: not connected
Jul 31 14:03:47 desktop kernel: Trying to unpack rootfs image as initramfs...
Jul 31 14:03:47 desktop kernel: pci 0000:00:01.0: Adding to iommu group 0
Jul 31 14:03:47 desktop kernel: pci 0000:00:01.3: Adding to iommu group 1
Jul 31 14:03:47 desktop kernel: pci 0000:00:02.0: Adding to iommu group 2
Jul 31 14:03:47 desktop kernel: pci 0000:00:03.0: Adding to iommu group 3
Jul 31 14:03:47 desktop kernel: pci 0000:00:03.1: Adding to iommu group 4
Jul 31 14:03:47 desktop kernel: pci 0000:00:04.0: Adding to iommu group 5
Jul 31 14:03:47 desktop kernel: pci 0000:00:07.0: Adding to iommu group 6
Jul 31 14:03:47 desktop kernel: pci 0000:00:07.1: Adding to iommu group 6
Jul 31 14:03:47 desktop kernel: pci 0000:00:08.0: Adding to iommu group 7
Jul 31 14:03:47 desktop kernel: pci 0000:00:08.1: Adding to iommu group 7
Jul 31 14:03:47 desktop kernel: pci 0000:00:14.0: Adding to iommu group 8
Jul 31 14:03:47 desktop kernel: pci 0000:00:14.3: Adding to iommu group 8
Jul 31 14:03:47 desktop kernel: pci 0000:00:18.0: Adding to iommu group 9
Jul 31 14:03:47 desktop kernel: pci 0000:00:18.1: Adding to iommu group 9
Jul 31 14:03:47 desktop kernel: pci 0000:00:18.2: Adding to iommu group 9
Jul 31 14:03:47 desktop kernel: pci 0000:00:18.3: Adding to iommu group 9
Jul 31 14:03:47 desktop kernel: pci 0000:00:18.4: Adding to iommu group 9
Jul 31 14:03:47 desktop kernel: pci 0000:00:18.5: Adding to iommu group 9
Jul 31 14:03:47 desktop kernel: pci 0000:00:18.6: Adding to iommu group 9
Jul 31 14:03:47 desktop kernel: pci 0000:00:18.7: Adding to iommu group 9
Jul 31 14:03:47 desktop kernel: pci 0000:03:00.0: Adding to iommu group 10
Jul 31 14:03:47 desktop kernel: pci 0000:03:00.1: Adding to iommu group 10
Jul 31 14:03:47 desktop kernel: pci 0000:03:00.2: Adding to iommu group 10
Jul 31 14:03:47 desktop kernel: pci 0000:04:00.0: Adding to iommu group 10
Jul 31 14:03:47 desktop kernel: pci 0000:04:01.0: Adding to iommu group 10
Jul 31 14:03:47 desktop kernel: pci 0000:04:04.0: Adding to iommu group 10
Jul 31 14:03:47 desktop kernel: pci 0000:1f:00.0: Adding to iommu group 10
Jul 31 14:03:47 desktop kernel: pci 0000:21:00.0: Adding to iommu group 10
Jul 31 14:03:47 desktop kernel: pci 0000:23:00.0: Adding to iommu group 11
Jul 31 14:03:47 desktop kernel: pci 0000:23:00.1: Adding to iommu group 11
Jul 31 14:03:47 desktop kernel: pci 0000:24:00.0: Adding to iommu group 6
Jul 31 14:03:47 desktop kernel: pci 0000:24:00.2: Adding to iommu group 6
Jul 31 14:03:47 desktop kernel: pci 0000:24:00.3: Adding to iommu group 6
Jul 31 14:03:47 desktop kernel: pci 0000:25:00.0: Adding to iommu group 7
Jul 31 14:03:47 desktop kernel: pci 0000:25:00.2: Adding to iommu group 7
Jul 31 14:03:47 desktop kernel: pci 0000:25:00.3: Adding to iommu group 7
Jul 31 14:03:47 desktop kernel: pci 0000:00:00.2: AMD-Vi: Found IOMMU cap 0x40
Jul 31 14:03:47 desktop kernel: AMD-Vi: Extended features (0x400f77ef22294ada): PPR NX GT IA GA PC GA_vAPIC
Jul 31 14:03:47 desktop kernel: AMD-Vi: Interrupt remapping enabled
Jul 31 14:03:47 desktop kernel: AMD-Vi: Virtual APIC enabled
Jul 31 14:03:47 desktop kernel: PCI-DMA: Using software bounce buffering for IO (SWIOTLB)
Jul 31 14:03:47 desktop kernel: software IO TLB: mapped [mem 0x00000000d4177000-0x00000000d8177000] (64MB)
Jul 31 14:03:47 desktop kernel: perf/amd_iommu: Detected AMD IOMMU #0 (2 banks, 4 counters/bank).
Jul 31 14:03:47 desktop kernel: Initialise system trusted keyrings
Jul 31 14:03:47 desktop kernel: Key type blacklist registered
Jul 31 14:03:47 desktop kernel: workingset: timestamp_bits=41 max_order=22 bucket_order=0
Jul 31 14:03:47 desktop kernel: zbud: loaded
Jul 31 14:03:47 desktop kernel: Key type asymmetric registered
Jul 31 14:03:47 desktop kernel: Asymmetric key parser 'x509' registered
Jul 31 14:03:47 desktop kernel: Block layer SCSI generic (bsg) driver version 0.4 loaded (major 242)
Jul 31 14:03:47 desktop kernel: io scheduler mq-deadline registered
Jul 31 14:03:47 desktop kernel: io scheduler kyber registered
Jul 31 14:03:47 desktop kernel: io scheduler bfq registered
Jul 31 14:03:47 desktop kernel: pcieport 0000:00:01.3: PME: Signaling with IRQ 26
Jul 31 14:03:47 desktop kernel: pcieport 0000:00:01.3: AER: enabled with IRQ 26
Jul 31 14:03:47 desktop kernel: iommu ivhd0: AMD-Vi: Event logged [INVALID_DEVICE_REQUEST device=00:00.0 pasid=0x00000 address=0xfffffffdf8000000 flags=0x0a00]
Jul 31 14:03:47 desktop kernel: pcieport 0000:00:03.1: PME: Signaling with IRQ 27
Jul 31 14:03:47 desktop kernel: pcieport 0000:00:03.1: AER: enabled with IRQ 27
Jul 31 14:03:47 desktop kernel: pcieport 0000:00:07.1: PME: Signaling with IRQ 28
Jul 31 14:03:47 desktop kernel: pcieport 0000:00:08.1: PME: Signaling with IRQ 30
Jul 31 14:03:47 desktop kernel: shpchp: Standard Hot Plug PCI Controller Driver version: 0.4
Jul 31 14:03:47 desktop kernel: input: Power Button as /devices/LNXSYSTM:00/LNXSYBUS:00/PNP0C0C:00/input/input0
Jul 31 14:03:47 desktop kernel: ACPI: button: Power Button [PWRB]
Jul 31 14:03:47 desktop kernel: input: Power Button as /devices/LNXSYSTM:00/LNXPWRBN:00/input/input1
Jul 31 14:03:47 desktop kernel: ACPI: button: Power Button [PWRF]
Jul 31 14:03:47 desktop kernel: Serial: 8250/16550 driver, 32 ports, IRQ sharing enabled
Jul 31 14:03:47 desktop kernel: 00:05: ttyS0 at I/O 0x3f8 (irq = 4, base_baud = 115200) is a 16550A
Jul 31 14:03:47 desktop kernel: Non-volatile memory driver v1.3
Jul 31 14:03:47 desktop kernel: Linux agpgart interface v0.103
Jul 31 14:03:47 desktop kernel: AMD-Vi: AMD IOMMUv2 loaded and initialized
Jul 31 14:03:47 desktop kernel: ahci 0000:03:00.1: version 3.0
Jul 31 14:03:47 desktop kernel: ahci 0000:03:00.1: SSS flag set, parallel bus scan disabled
Jul 31 14:03:47 desktop kernel: ahci 0000:03:00.1: AHCI 0001.0301 32 slots 8 ports 6 Gbps 0x33 impl SATA mode
Jul 31 14:03:47 desktop kernel: ahci 0000:03:00.1: flags: 64bit ncq sntf stag pm led clo only pmp pio slum part sxs deso sadm sds apst 
Jul 31 14:03:47 desktop kernel: scsi host0: ahci
Jul 31 14:03:47 desktop kernel: scsi host1: ahci
Jul 31 14:03:47 desktop kernel: scsi host2: ahci
Jul 31 14:03:47 desktop kernel: scsi host3: ahci
Jul 31 14:03:47 desktop kernel: scsi host4: ahci
Jul 31 14:03:47 desktop kernel: scsi host5: ahci
Jul 31 14:03:47 desktop kernel: scsi host6: ahci
Jul 31 14:03:47 desktop kernel: scsi host7: ahci
Jul 31 14:03:47 desktop kernel: ata1: SATA max UDMA/133 abar m131072@0xfd680000 port 0xfd680100 irq 38
Jul 31 14:03:47 desktop kernel: ata2: SATA max UDMA/133 abar m131072@0xfd680000 port 0xfd680180 irq 38
Jul 31 14:03:47 desktop kernel: ata3: DUMMY
Jul 31 14:03:47 desktop kernel: ata4: DUMMY
Jul 31 14:03:47 desktop kernel: ata5: SATA max UDMA/133 abar m131072@0xfd680000 port 0xfd680300 irq 38
Jul 31 14:03:47 desktop kernel: ata6: SATA max UDMA/133 abar m131072@0xfd680000 port 0xfd680380 irq 38
Jul 31 14:03:47 desktop kernel: ata7: DUMMY
Jul 31 14:03:47 desktop kernel: ata8: DUMMY
Jul 31 14:03:47 desktop kernel: ahci 0000:25:00.2: AHCI 0001.0301 32 slots 1 ports 6 Gbps 0x1 impl SATA mode
Jul 31 14:03:47 desktop kernel: ahci 0000:25:00.2: flags: 64bit ncq sntf ilck led clo only pmp fbs pio 
Jul 31 14:03:47 desktop kernel: scsi host8: ahci
Jul 31 14:03:47 desktop kernel: ata9: SATA max UDMA/133 abar m4096@0xfd708000 port 0xfd708100 irq 40
Jul 31 14:03:47 desktop kernel: ehci_hcd: USB 2.0 'Enhanced' Host Controller (EHCI) Driver
Jul 31 14:03:47 desktop kernel: ehci-pci: EHCI PCI platform driver
Jul 31 14:03:47 desktop kernel: ohci_hcd: USB 1.1 'Open' Host Controller (OHCI) Driver
Jul 31 14:03:47 desktop kernel: ohci-pci: OHCI PCI platform driver
Jul 31 14:03:47 desktop kernel: uhci_hcd: USB Universal Host Controller Interface driver
Jul 31 14:03:47 desktop kernel: usbcore: registered new interface driver usbserial_generic
Jul 31 14:03:47 desktop kernel: usbserial: USB Serial support registered for generic
Jul 31 14:03:47 desktop kernel: rtc_cmos 00:02: RTC can wake from S4
Jul 31 14:03:47 desktop kernel: rtc_cmos 00:02: registered as rtc0
Jul 31 14:03:47 desktop kernel: rtc_cmos 00:02: setting system clock to 2022-07-31T21:03:44 UTC (1659301424)
Jul 31 14:03:47 desktop kernel: rtc_cmos 00:02: alarms up to one month, y3k, 114 bytes nvram, hpet irqs
Jul 31 14:03:47 desktop kernel: ledtrig-cpu: registered to indicate activity on CPUs
Jul 31 14:03:47 desktop kernel: efifb: probing for efifb
Jul 31 14:03:47 desktop kernel: efifb: showing boot graphics
Jul 31 14:03:47 desktop kernel: efifb: framebuffer at 0xf1000000, using 3072k, total 3072k
Jul 31 14:03:47 desktop kernel: efifb: mode is 1024x768x32, linelength=4096, pages=1
Jul 31 14:03:47 desktop kernel: efifb: scrolling: redraw
Jul 31 14:03:47 desktop kernel: efifb: Truecolor: size=8:8:8:8, shift=24:16:8:0
Jul 31 14:03:47 desktop kernel: fbcon: Deferring console take-over
Jul 31 14:03:47 desktop kernel: fb0: EFI VGA frame buffer device
Jul 31 14:03:47 desktop kernel: hid: raw HID events driver (C) Jiri Kosina
Jul 31 14:03:47 desktop kernel: drop_monitor: Initializing network drop monitor service
Jul 31 14:03:47 desktop kernel: Initializing XFRM netlink socket
Jul 31 14:03:47 desktop kernel: NET: Registered PF_INET6 protocol family
Jul 31 14:03:47 desktop kernel: Freeing initrd memory: 18416K
Jul 31 14:03:47 desktop kernel: Segment Routing with IPv6
Jul 31 14:03:47 desktop kernel: RPL Segment Routing with IPv6
Jul 31 14:03:47 desktop kernel: In-situ OAM (IOAM) with IPv6
Jul 31 14:03:47 desktop kernel: NET: Registered PF_PACKET protocol family
Jul 31 14:03:47 desktop kernel: microcode: CPU0: patch_level=0x08001129
Jul 31 14:03:47 desktop kernel: microcode: CPU1: patch_level=0x08001129
Jul 31 14:03:47 desktop kernel: microcode: CPU2: patch_level=0x08001129
Jul 31 14:03:47 desktop kernel: microcode: CPU3: patch_level=0x08001129
Jul 31 14:03:47 desktop kernel: microcode: CPU4: patch_level=0x08001129
Jul 31 14:03:47 desktop kernel: microcode: CPU5: patch_level=0x08001129
Jul 31 14:03:47 desktop kernel: microcode: CPU6: patch_level=0x08001129
Jul 31 14:03:47 desktop kernel: microcode: CPU7: patch_level=0x08001129
Jul 31 14:03:47 desktop kernel: microcode: CPU8: patch_level=0x08001129
Jul 31 14:03:47 desktop kernel: microcode: CPU9: patch_level=0x08001129
Jul 31 14:03:47 desktop kernel: microcode: CPU10: patch_level=0x08001129
Jul 31 14:03:47 desktop kernel: microcode: CPU11: patch_level=0x08001129
Jul 31 14:03:47 desktop kernel: microcode: Microcode Update Driver: v2.2.
Jul 31 14:03:47 desktop kernel: IPI shorthand broadcast: enabled
Jul 31 14:03:47 desktop kernel: sched_clock: Marking stable (436019759, -69995389)->(382767760, -16743390)
Jul 31 14:03:47 desktop kernel: registered taskstats version 1
Jul 31 14:03:47 desktop kernel: Loading compiled-in X.509 certificates
Jul 31 14:03:47 desktop kernel: Loaded X.509 cert 'Build time autogenerated kernel key: d0afdade0ecc0e4ee49284c83872b9350c816e72'
Jul 31 14:03:47 desktop kernel: zswap: loaded using pool lz4/z3fold
Jul 31 14:03:47 desktop kernel: Key type ._fscrypt registered
Jul 31 14:03:47 desktop kernel: Key type .fscrypt registered
Jul 31 14:03:47 desktop kernel: Key type fscrypt-provisioning registered
Jul 31 14:03:47 desktop kernel: PM:   Magic number: 14:79:97
Jul 31 14:03:47 desktop kernel: RAS: Correctable Errors collector initialized.
Jul 31 14:03:47 desktop kernel: ata1: SATA link down (SStatus 0 SControl 300)
Jul 31 14:03:47 desktop kernel: ata9: SATA link down (SStatus 0 SControl 300)
Jul 31 14:03:47 desktop kernel: ata2: SATA link up 6.0 Gbps (SStatus 133 SControl 300)
Jul 31 14:03:47 desktop kernel: ata2.00: ATA-8: TOSHIBA HDWD110, MS2OA8J0, max UDMA/133
Jul 31 14:03:47 desktop kernel: ata2.00: ATA Identify Device Log not supported
Jul 31 14:03:47 desktop kernel: ata2.00: 1953525168 sectors, multi 16: LBA48 NCQ (depth 32), AA
Jul 31 14:03:47 desktop kernel: ata2.00: ATA Identify Device Log not supported
Jul 31 14:03:47 desktop kernel: ata2.00: configured for UDMA/133
Jul 31 14:03:47 desktop kernel: scsi 1:0:0:0: Direct-Access     ATA      TOSHIBA HDWD110  A8J0 PQ: 0 ANSI: 5
Jul 31 14:03:47 desktop kernel: sd 1:0:0:0: [sda] 1953525168 512-byte logical blocks: (1.00 TB/932 GiB)
Jul 31 14:03:47 desktop kernel: sd 1:0:0:0: [sda] 4096-byte physical blocks
Jul 31 14:03:47 desktop kernel: sd 1:0:0:0: [sda] Write Protect is off
Jul 31 14:03:47 desktop kernel: sd 1:0:0:0: [sda] Mode Sense: 00 3a 00 00
Jul 31 14:03:47 desktop kernel: sd 1:0:0:0: [sda] Write cache: enabled, read cache: enabled, doesn't support DPO or FUA
Jul 31 14:03:47 desktop kernel:  sda: sda1
Jul 31 14:03:47 desktop kernel: sd 1:0:0:0: [sda] Attached SCSI disk
Jul 31 14:03:47 desktop kernel: tsc: Refined TSC clocksource calibration: 3599.999 MHz
Jul 31 14:03:47 desktop kernel: clocksource: tsc: mask: 0xffffffffffffffff max_cycles: 0x33e4525366a, max_idle_ns: 440795257657 ns
Jul 31 14:03:47 desktop kernel: clocksource: Switched to clocksource tsc
Jul 31 14:03:47 desktop kernel: ata5: SATA link up 6.0 Gbps (SStatus 133 SControl 300)
Jul 31 14:03:47 desktop kernel: ata5.00: ATA-9: SanDisk SDSSDA120G, Z33130RL, max UDMA/133
Jul 31 14:03:47 desktop kernel: ata5.00: 234441648 sectors, multi 1: LBA48 NCQ (depth 32), AA
Jul 31 14:03:47 desktop kernel: ata5.00: Features: Dev-Sleep
Jul 31 14:03:47 desktop kernel: ata5.00: configured for UDMA/133
Jul 31 14:03:47 desktop kernel: scsi 4:0:0:0: Direct-Access     ATA      SanDisk SDSSDA12 30RL PQ: 0 ANSI: 5
Jul 31 14:03:47 desktop kernel: sd 4:0:0:0: [sdb] 234441648 512-byte logical blocks: (120 GB/112 GiB)
Jul 31 14:03:47 desktop kernel: sd 4:0:0:0: [sdb] Write Protect is off
Jul 31 14:03:47 desktop kernel: sd 4:0:0:0: [sdb] Mode Sense: 00 3a 00 00
Jul 31 14:03:47 desktop kernel: sd 4:0:0:0: [sdb] Write cache: enabled, read cache: enabled, doesn't support DPO or FUA
Jul 31 14:03:47 desktop kernel:  sdb: sdb1 sdb2
Jul 31 14:03:47 desktop kernel: sd 4:0:0:0: [sdb] Attached SCSI disk
Jul 31 14:03:47 desktop kernel: ata6: SATA link down (SStatus 0 SControl 300)
Jul 31 14:03:47 desktop kernel: Freeing unused decrypted memory: 2036K
Jul 31 14:03:47 desktop kernel: Freeing unused kernel image (initmem) memory: 1980K
Jul 31 14:03:47 desktop kernel: Write protecting the kernel read-only data: 28672k
Jul 31 14:03:47 desktop kernel: Freeing unused kernel image (text/rodata gap) memory: 2036K
Jul 31 14:03:47 desktop kernel: Freeing unused kernel image (rodata/data gap) memory: 1532K
Jul 31 14:03:47 desktop kernel: x86/mm: Checked W+X mappings: passed, no W+X pages found.
Jul 31 14:03:47 desktop kernel: rodata_test: all tests were successful
Jul 31 14:03:47 desktop kernel: Run /init as init process
Jul 31 14:03:47 desktop kernel:   with arguments:
Jul 31 14:03:47 desktop kernel:     /init
Jul 31 14:03:47 desktop kernel:   with environment:
Jul 31 14:03:47 desktop kernel:     HOME=/
Jul 31 14:03:47 desktop kernel:     TERM=linux
Jul 31 14:03:47 desktop kernel:     BOOT_IMAGE=/boot/vmlinuz-linux-lts
Jul 31 14:03:47 desktop kernel: fbcon: Taking over console
Jul 31 14:03:47 desktop kernel: Console: switching to colour frame buffer device 128x48
Jul 31 14:03:47 desktop kernel: xhci_hcd 0000:03:00.0: xHCI Host Controller
Jul 31 14:03:47 desktop kernel: xhci_hcd 0000:03:00.0: new USB bus registered, assigned bus number 1
Jul 31 14:03:47 desktop kernel: xhci_hcd 0000:03:00.0: hcc params 0x0200ef81 hci version 0x110 quirks 0x0000010048000410
Jul 31 14:03:47 desktop kernel: usb usb1: New USB device found, idVendor=1d6b, idProduct=0002, bcdDevice= 5.15
Jul 31 14:03:47 desktop kernel: usb usb1: New USB device strings: Mfr=3, Product=2, SerialNumber=1
Jul 31 14:03:47 desktop kernel: usb usb1: Product: xHCI Host Controller
Jul 31 14:03:47 desktop kernel: usb usb1: Manufacturer: Linux 5.15.55-2-lts xhci-hcd
Jul 31 14:03:47 desktop kernel: usb usb1: SerialNumber: 0000:03:00.0
Jul 31 14:03:47 desktop kernel: hub 1-0:1.0: USB hub found
Jul 31 14:03:47 desktop kernel: hub 1-0:1.0: 10 ports detected
Jul 31 14:03:47 desktop kernel: xhci_hcd 0000:03:00.0: xHCI Host Controller
Jul 31 14:03:47 desktop kernel: xhci_hcd 0000:03:00.0: new USB bus registered, assigned bus number 2
Jul 31 14:03:47 desktop kernel: xhci_hcd 0000:03:00.0: Host supports USB 3.1 Enhanced SuperSpeed
Jul 31 14:03:47 desktop kernel: usb usb2: We don't know the algorithms for LPM for this host, disabling LPM.
Jul 31 14:03:47 desktop kernel: usb usb2: New USB device found, idVendor=1d6b, idProduct=0003, bcdDevice= 5.15
Jul 31 14:03:47 desktop kernel: usb usb2: New USB device strings: Mfr=3, Product=2, SerialNumber=1
Jul 31 14:03:47 desktop kernel: usb usb2: Product: xHCI Host Controller
Jul 31 14:03:47 desktop kernel: usb usb2: Manufacturer: Linux 5.15.55-2-lts xhci-hcd
Jul 31 14:03:47 desktop kernel: usb usb2: SerialNumber: 0000:03:00.0
Jul 31 14:03:47 desktop kernel: hub 2-0:1.0: USB hub found
Jul 31 14:03:47 desktop kernel: hub 2-0:1.0: 4 ports detected
Jul 31 14:03:47 desktop kernel: xhci_hcd 0000:24:00.3: xHCI Host Controller
Jul 31 14:03:47 desktop kernel: xhci_hcd 0000:24:00.3: new USB bus registered, assigned bus number 3
Jul 31 14:03:47 desktop kernel: xhci_hcd 0000:24:00.3: hcc params 0x0270f665 hci version 0x100 quirks 0x0000000040000410
Jul 31 14:03:47 desktop kernel: usb usb3: New USB device found, idVendor=1d6b, idProduct=0002, bcdDevice= 5.15
Jul 31 14:03:47 desktop kernel: usb usb3: New USB device strings: Mfr=3, Product=2, SerialNumber=1
Jul 31 14:03:47 desktop kernel: usb usb3: Product: xHCI Host Controller
Jul 31 14:03:47 desktop kernel: usb usb3: Manufacturer: Linux 5.15.55-2-lts xhci-hcd
Jul 31 14:03:47 desktop kernel: usb usb3: SerialNumber: 0000:24:00.3
Jul 31 14:03:47 desktop kernel: hub 3-0:1.0: USB hub found
Jul 31 14:03:47 desktop kernel: hub 3-0:1.0: 4 ports detected
Jul 31 14:03:47 desktop kernel: xhci_hcd 0000:24:00.3: xHCI Host Controller
Jul 31 14:03:47 desktop kernel: xhci_hcd 0000:24:00.3: new USB bus registered, assigned bus number 4
Jul 31 14:03:47 desktop kernel: xhci_hcd 0000:24:00.3: Host supports USB 3.0 SuperSpeed
Jul 31 14:03:47 desktop kernel: usb usb4: We don't know the algorithms for LPM for this host, disabling LPM.
Jul 31 14:03:47 desktop kernel: usb usb4: New USB device found, idVendor=1d6b, idProduct=0003, bcdDevice= 5.15
Jul 31 14:03:47 desktop kernel: usb usb4: New USB device strings: Mfr=3, Product=2, SerialNumber=1
Jul 31 14:03:47 desktop kernel: usb usb4: Product: xHCI Host Controller
Jul 31 14:03:47 desktop kernel: usb usb4: Manufacturer: Linux 5.15.55-2-lts xhci-hcd
Jul 31 14:03:47 desktop kernel: usb usb4: SerialNumber: 0000:24:00.3
Jul 31 14:03:47 desktop kernel: hub 4-0:1.0: USB hub found
Jul 31 14:03:47 desktop kernel: hub 4-0:1.0: 4 ports detected
Jul 31 14:03:47 desktop kernel: device-mapper: uevent: version 1.0.3
Jul 31 14:03:47 desktop kernel: device-mapper: ioctl: 4.45.0-ioctl (2021-03-22) initialised: dm-devel@redhat.com
Jul 31 14:03:47 desktop kernel: usb 1-8: new low-speed USB device number 2 using xhci_hcd
Jul 31 14:03:47 desktop kernel: EXT4-fs (dm-0): mounted filesystem with ordered data mode. Opts: (null). Quota mode: none.
Jul 31 14:03:47 desktop kernel: usb 4-2: new SuperSpeed USB device number 2 using xhci_hcd
Jul 31 14:03:47 desktop kernel: usb 4-2: New USB device found, idVendor=0bc2, idProduct=2344, bcdDevice= 7.12
Jul 31 14:03:47 desktop kernel: usb 4-2: New USB device strings: Mfr=1, Product=2, SerialNumber=3
Jul 31 14:03:47 desktop kernel: usb 4-2: Product: Portable
Jul 31 14:03:47 desktop kernel: usb 4-2: Manufacturer: Seagate
Jul 31 14:03:47 desktop kernel: usb 4-2: SerialNumber: NAAZS0HJ
Jul 31 14:03:47 desktop systemd[1]: systemd 251.3-1-arch running in system mode (+PAM +AUDIT -SELINUX -APPARMOR -IMA +SMACK +SECCOMP +GCRYPT +GNUTLS +OPENSSL +ACL +BLKID +CURL +ELFUTILS +FIDO2 +IDN2 -IDN +IPTC +KMOD +LIBCRYPTSETUP +LIBFDISK +PCRE2 -PWQUALITY +P11KIT -QRENCODE +TPM2 +BZIP2 +LZ4 +XZ +ZLIB +ZSTD -BPF_FRAMEWORK +XKBCOMMON +UTMP -SYSVINIT default-hierarchy=unified)
Jul 31 14:03:47 desktop systemd[1]: Detected architecture x86-64.
Jul 31 14:03:47 desktop systemd[1]: Hostname set to <desktop>.
Jul 31 14:03:47 desktop kernel: usb 1-8: New USB device found, idVendor=046d, idProduct=c077, bcdDevice=72.00
Jul 31 14:03:47 desktop kernel: usb 1-8: New USB device strings: Mfr=1, Product=2, SerialNumber=0
Jul 31 14:03:47 desktop kernel: usb 1-8: Product: USB Optical Mouse
Jul 31 14:03:47 desktop kernel: usb 1-8: Manufacturer: Logitech
Jul 31 14:03:47 desktop systemd[1]: Queued start job for default target Graphical Interface.
Jul 31 14:03:47 desktop systemd[1]: Created slice Slice /system/getty.
Jul 31 14:03:47 desktop systemd[1]: Created slice Slice /system/modprobe.
Jul 31 14:03:47 desktop systemd[1]: Created slice Slice /system/systemd-fsck.
Jul 31 14:03:47 desktop systemd[1]: Created slice User and Session Slice.
Jul 31 14:03:47 desktop systemd[1]: Started Dispatch Password Requests to Console Directory Watch.
Jul 31 14:03:47 desktop systemd[1]: Started Forward Password Requests to Wall Directory Watch.
Jul 31 14:03:47 desktop systemd[1]: Set up automount Arbitrary Executable File Formats File System Automount Point.
Jul 31 14:03:47 desktop systemd[1]: Reached target Local Encrypted Volumes.
Jul 31 14:03:47 desktop systemd[1]: Reached target Login Prompts.
Jul 31 14:03:47 desktop systemd[1]: Reached target Local Integrity Protected Volumes.
Jul 31 14:03:47 desktop systemd[1]: Reached target Path Units.
Jul 31 14:03:47 desktop systemd[1]: Reached target Remote File Systems.
Jul 31 14:03:47 desktop systemd[1]: Reached target Slice Units.
Jul 31 14:03:47 desktop systemd[1]: Reached target Local Verity Protected Volumes.
Jul 31 14:03:47 desktop systemd[1]: Listening on Device-mapper event daemon FIFOs.
Jul 31 14:03:47 desktop systemd[1]: Listening on LVM2 poll daemon socket.
Jul 31 14:03:47 desktop systemd[1]: Listening on Process Core Dump Socket.
Jul 31 14:03:47 desktop systemd[1]: Listening on Journal Audit Socket.
Jul 31 14:03:47 desktop systemd[1]: Listening on Journal Socket (/dev/log).
Jul 31 14:03:47 desktop systemd[1]: Listening on Journal Socket.
Jul 31 14:03:47 desktop systemd[1]: Listening on udev Control Socket.
Jul 31 14:03:47 desktop systemd[1]: Listening on udev Kernel Socket.
Jul 31 14:03:47 desktop systemd[1]: Mounting Huge Pages File System...
Jul 31 14:03:47 desktop systemd[1]: Mounting POSIX Message Queue File System...
Jul 31 14:03:47 desktop systemd[1]: Mounting Kernel Debug File System...
Jul 31 14:03:47 desktop systemd[1]: Mounting Kernel Trace File System...
Jul 31 14:03:47 desktop systemd[1]: Starting Create List of Static Device Nodes...
Jul 31 14:03:47 desktop systemd[1]: Starting Monitoring of LVM2 mirrors, snapshots etc. using dmeventd or progress polling...
Jul 31 14:03:47 desktop systemd[1]: Starting Load Kernel Module configfs...
Jul 31 14:03:47 desktop systemd[1]: Starting Load Kernel Module drm...
Jul 31 14:03:47 desktop systemd[1]: Starting Load Kernel Module fuse...
Jul 31 14:03:47 desktop systemd[1]: File System Check on Root Device was skipped because of a failed condition check (ConditionPathIsReadWrite=!/).
Jul 31 14:03:47 desktop systemd[1]: Starting Journal Service...
Jul 31 14:03:47 desktop systemd[1]: Starting Load Kernel Modules...
Jul 31 14:03:47 desktop systemd[1]: Starting Remount Root and Kernel File Systems...
Jul 31 14:03:47 desktop systemd[1]: Repartition Root Disk was skipped because all trigger condition checks failed.
Jul 31 14:03:47 desktop systemd[1]: Starting Coldplug All udev Devices...
Jul 31 14:03:47 desktop systemd[1]: Mounted Huge Pages File System.
Jul 31 14:03:47 desktop systemd[1]: Mounted POSIX Message Queue File System.
Jul 31 14:03:47 desktop systemd[1]: Mounted Kernel Debug File System.
Jul 31 14:03:47 desktop systemd[1]: Mounted Kernel Trace File System.
Jul 31 14:03:47 desktop systemd[1]: Finished Create List of Static Device Nodes.
Jul 31 14:03:47 desktop systemd[1]: modprobe@configfs.service: Deactivated successfully.
Jul 31 14:03:47 desktop systemd[1]: Finished Load Kernel Module configfs.
Jul 31 14:03:47 desktop systemd[1]: modprobe@drm.service: Deactivated successfully.
Jul 31 14:03:47 desktop systemd[1]: Finished Load Kernel Module drm.
Jul 31 14:03:47 desktop systemd[1]: Mounting Kernel Configuration File System...
Jul 31 14:03:47 desktop kernel: EXT4-fs (dm-0): re-mounted. Opts: (null). Quota mode: none.
Jul 31 14:03:47 desktop systemd[1]: Finished Remount Root and Kernel File Systems.
Jul 31 14:03:47 desktop systemd[1]: Mounted Kernel Configuration File System.
Jul 31 14:03:47 desktop systemd[1]: Activating swap /swapfile...
Jul 31 14:03:47 desktop systemd[1]: First Boot Wizard was skipped because of a failed condition check (ConditionFirstBoot=yes).
Jul 31 14:03:47 desktop kernel: fuse: init (API version 7.34)
Jul 31 14:03:47 desktop systemd[1]: Rebuild Hardware Database was skipped because of a failed condition check (ConditionNeedsUpdate=/etc).
Jul 31 14:03:47 desktop systemd[1]: Starting Load/Save Random Seed...
Jul 31 14:03:47 desktop systemd[1]: Create System Users was skipped because of a failed condition check (ConditionNeedsUpdate=/etc).
Jul 31 14:03:47 desktop systemd[1]: Starting Create Static Device Nodes in /dev...
Jul 31 14:03:47 desktop systemd[1]: modprobe@fuse.service: Deactivated successfully.
Jul 31 14:03:47 desktop systemd[1]: Finished Load Kernel Module fuse.
Jul 31 14:03:47 desktop kernel: audit: type=1130 audit(1659301427.185:2): pid=1 uid=0 auid=4294967295 ses=4294967295 msg='unit=modprobe@fuse comm="systemd" exe="/usr/lib/systemd/systemd" hostname=? addr=? terminal=? res=success'
Jul 31 14:03:47 desktop kernel: audit: type=1131 audit(1659301427.185:3): pid=1 uid=0 auid=4294967295 ses=4294967295 msg='unit=modprobe@fuse comm="systemd" exe="/usr/lib/systemd/systemd" hostname=? addr=? terminal=? res=success'
Jul 31 14:03:47 desktop systemd[1]: Mounting FUSE Control File System...
Jul 31 14:03:47 desktop systemd[1]: Mounted FUSE Control File System.
Jul 31 14:03:47 desktop kernel: Adding 2097148k swap on /swapfile.  Priority:-2 extents:11 across:49045500k SSFS
Jul 31 14:03:47 desktop systemd[1]: Activated swap /swapfile.
Jul 31 14:03:47 desktop systemd[1]: Reached target Swaps.
Jul 31 14:03:47 desktop systemd[1]: Mounting Temporary Directory /tmp...
Jul 31 14:03:47 desktop systemd[1]: Mounted Temporary Directory /tmp.
Jul 31 14:03:47 desktop kernel: mc: Linux media interface: v0.10
Jul 31 14:03:47 desktop systemd[1]: Finished Load/Save Random Seed.
Jul 31 14:03:47 desktop kernel: audit: type=1130 audit(1659301427.205:4): pid=1 uid=0 auid=4294967295 ses=4294967295 msg='unit=systemd-random-seed comm="systemd" exe="/usr/lib/systemd/systemd" hostname=? addr=? terminal=? res=success'
Jul 31 14:03:47 desktop systemd[1]: First Boot Complete was skipped because of a failed condition check (ConditionFirstBoot=yes).
Jul 31 14:03:47 desktop systemd-journald[322]: Journal started
Jul 31 14:03:47 desktop systemd-journald[322]: Runtime Journal (/run/log/journal/28d6f09b4c0746c2b710970ac6322bc5) is 8.0M, max 797.5M, 789.5M free.
Jul 31 14:03:47 desktop audit[1]: SERVICE_START pid=1 uid=0 auid=4294967295 ses=4294967295 msg='unit=modprobe@fuse comm="systemd" exe="/usr/lib/systemd/systemd" hostname=? addr=? terminal=? res=success'
Jul 31 14:03:47 desktop audit[1]: SERVICE_STOP pid=1 uid=0 auid=4294967295 ses=4294967295 msg='unit=modprobe@fuse comm="systemd" exe="/usr/lib/systemd/systemd" hostname=? addr=? terminal=? res=success'
Jul 31 14:03:47 desktop audit[1]: SERVICE_START pid=1 uid=0 auid=4294967295 ses=4294967295 msg='unit=systemd-random-seed comm="systemd" exe="/usr/lib/systemd/systemd" hostname=? addr=? terminal=? res=success'
Jul 31 14:03:47 desktop audit[1]: SERVICE_START pid=1 uid=0 auid=4294967295 ses=4294967295 msg='unit=systemd-journald comm="systemd" exe="/usr/lib/systemd/systemd" hostname=? addr=? terminal=? res=success'
Jul 31 14:03:47 desktop systemd-modules-load[323]: Inserted module 'crypto_user'
Jul 31 14:03:47 desktop systemd[1]: Starting Flush Journal to Persistent Storage...
Jul 31 14:03:47 desktop systemd-modules-load[323]: Inserted module 'videodev'
Jul 31 14:03:47 desktop lvm[318]:   2 logical volume(s) in volume group "volgroup0" monitored
Jul 31 14:03:47 desktop systemd[1]: Started Journal Service.
Jul 31 14:03:47 desktop kernel: audit: type=1130 audit(1659301427.215:5): pid=1 uid=0 auid=4294967295 ses=4294967295 msg='unit=systemd-journald comm="systemd" exe="/usr/lib/systemd/systemd" hostname=? addr=? terminal=? res=success'
Jul 31 14:03:47 desktop kernel: videodev: Linux video capture interface: v2.00
Jul 31 14:03:47 desktop kernel: v4l2loopback_dc: loading out-of-tree module taints kernel.
Jul 31 14:03:47 desktop kernel: v4l2loopback_dc: module verification failed: signature and/or required key missing - tainting kernel
Jul 31 14:03:47 desktop systemd-modules-load[323]: Inserted module 'v4l2loopback_dc'
Jul 31 14:03:47 desktop systemd-journald[322]: Time spent on flushing to /var/log/journal/28d6f09b4c0746c2b710970ac6322bc5 is 342.366ms for 885 entries.
Jul 31 14:03:47 desktop systemd-journald[322]: System Journal (/var/log/journal/28d6f09b4c0746c2b710970ac6322bc5) is 789.5M, max 4.0G, 3.2G free.
Jul 31 14:03:47 desktop kernel: v4l2loopback driver version 0.6.3 (droidcam) loaded
Jul 31 14:03:47 desktop systemd-journald[322]: Received client request to flush runtime journal.
Jul 31 14:03:47 desktop kernel: audit: type=1130 audit(1659301427.255:6): pid=1 uid=0 auid=4294967295 ses=4294967295 msg='unit=systemd-tmpfiles-setup-dev comm="systemd" exe="/usr/lib/systemd/systemd" hostname=? addr=? terminal=? res=success'
Jul 31 14:03:47 desktop kernel: audit: type=1334 audit(1659301427.255:7): prog-id=14 op=LOAD
Jul 31 14:03:47 desktop kernel: audit: type=1334 audit(1659301427.255:8): prog-id=15 op=LOAD
Jul 31 14:03:47 desktop kernel: audit: type=1334 audit(1659301427.255:9): prog-id=16 op=LOAD
Jul 31 14:03:47 desktop kernel: audit: type=1130 audit(1659301427.255:10): pid=1 uid=0 auid=4294967295 ses=4294967295 msg='unit=systemd-udev-trigger comm="systemd" exe="/usr/lib/systemd/systemd" hostname=? addr=? terminal=? res=success'
Jul 31 14:03:47 desktop kernel: usb 1-9: new low-speed USB device number 3 using xhci_hcd
Jul 31 14:03:47 desktop kernel: loop: module loaded
Jul 31 14:03:47 desktop kernel: loop0: detected capacity change from 0 to 8
Jul 31 14:03:47 desktop kernel: loop1: detected capacity change from 0 to 126888
Jul 31 14:03:47 desktop kernel: loop2: detected capacity change from 0 to 126896
Jul 31 14:03:47 desktop kernel: loop3: detected capacity change from 0 to 187776
Jul 31 14:03:47 desktop kernel: loop4: detected capacity change from 0 to 380200
Jul 31 14:03:47 desktop kernel: squashfs: version 4.0 (2009/01/31) Phillip Lougher
Jul 31 14:03:47 desktop kernel: loop5: detected capacity change from 0 to 96160
Jul 31 14:03:47 desktop kernel: loop6: detected capacity change from 0 to 96176
Jul 31 14:03:47 desktop kernel: usb 1-9: New USB device found, idVendor=04ca, idProduct=003a, bcdDevice= 1.15
Jul 31 14:03:47 desktop kernel: usb 1-9: New USB device strings: Mfr=1, Product=2, SerialNumber=0
Jul 31 14:03:47 desktop kernel: usb 1-9: Product: USB Multimedia Keyboard
Jul 31 14:03:47 desktop kernel: usb 1-9: Manufacturer: Lite-On Technology Corp.
Jul 31 14:03:47 desktop kernel: parport_pc 00:04: reported by Plug and Play ACPI
Jul 31 14:03:47 desktop kernel: parport0: PC-style at 0x378, irq 5 [PCSPP]
Jul 31 14:03:47 desktop kernel: piix4_smbus 0000:00:14.0: SMBus Host Controller at 0xb00, revision 0
Jul 31 14:03:47 desktop kernel: piix4_smbus 0000:00:14.0: Using register 0x02 for SMBus port selection
Jul 31 14:03:47 desktop kernel: piix4_smbus 0000:00:14.0: Auxiliary SMBus Host Controller at 0xb20
Jul 31 14:03:47 desktop kernel: input: PC Speaker as /devices/platform/pcspkr/input/input2
Jul 31 14:03:47 desktop kernel: sp5100_tco: SP5100/SB800 TCO WatchDog Timer Driver
Jul 31 14:03:47 desktop kernel: sp5100-tco sp5100-tco: Using 0xfeb00000 for watchdog MMIO address
Jul 31 14:03:47 desktop kernel: sp5100-tco sp5100-tco: initialized. heartbeat=60 sec (nowayout=0)
Jul 31 14:03:47 desktop kernel: ccp 0000:24:00.2: enabling device (0000 -> 0002)
Jul 31 14:03:47 desktop kernel: ccp 0000:24:00.2: ccp enabled
Jul 31 14:03:47 desktop kernel: usbcore: registered new interface driver usb-storage
Jul 31 14:03:47 desktop audit[1]: SERVICE_START pid=1 uid=0 auid=4294967295 ses=4294967295 msg='unit=systemd-tmpfiles-setup-dev comm="systemd" exe="/usr/lib/systemd/systemd" hostname=? addr=? terminal=? res=success'
Jul 31 14:03:47 desktop audit: BPF prog-id=14 op=LOAD
Jul 31 14:03:47 desktop audit: BPF prog-id=15 op=LOAD
Jul 31 14:03:47 desktop audit: BPF prog-id=16 op=LOAD
Jul 31 14:03:47 desktop audit[1]: SERVICE_START pid=1 uid=0 auid=4294967295 ses=4294967295 msg='unit=systemd-udev-trigger comm="systemd" exe="/usr/lib/systemd/systemd" hostname=? addr=? terminal=? res=success'
Jul 31 14:03:47 desktop audit[1]: SERVICE_START pid=1 uid=0 auid=4294967295 ses=4294967295 msg='unit=lvm2-monitor comm="systemd" exe="/usr/lib/systemd/systemd" hostname=? addr=? terminal=? res=success'
Jul 31 14:03:47 desktop audit[1]: SERVICE_START pid=1 uid=0 auid=4294967295 ses=4294967295 msg='unit=systemd-udevd comm="systemd" exe="/usr/lib/systemd/systemd" hostname=? addr=? terminal=? res=success'
Jul 31 14:03:47 desktop audit[1]: SERVICE_START pid=1 uid=0 auid=4294967295 ses=4294967295 msg='unit=systemd-journal-flush comm="systemd" exe="/usr/lib/systemd/systemd" hostname=? addr=? terminal=? res=success'
Jul 31 14:03:47 desktop systemd[1]: Finished Create Static Device Nodes in /dev.
Jul 31 14:03:47 desktop mtp-probe[406]: checking bus 4, device 2: "/sys/devices/pci0000:00/0000:00:07.1/0000:24:00.3/usb4/4-2"
Jul 31 14:03:47 desktop kernel: scsi host9: uas
Jul 31 14:03:47 desktop kernel: usbcore: registered new interface driver uas
Jul 31 14:03:47 desktop systemd[1]: Starting Rule-based Manager for Device Events and Files...
Jul 31 14:03:47 desktop mtp-probe[406]: bus: 4, device: 2 was not an MTP device
Jul 31 14:03:47 desktop systemd[1]: Finished Coldplug All udev Devices.
Jul 31 14:03:47 desktop mtp-probe[405]: checking bus 1, device 2: "/sys/devices/pci0000:00/0000:00:01.3/0000:03:00.0/usb1/1-8"
Jul 31 14:03:47 desktop systemd-modules-load[323]: Inserted module 'snd_aloop'
Jul 31 14:03:47 desktop mtp-probe[405]: bus: 1, device: 2 was not an MTP device
Jul 31 14:03:47 desktop systemd-udevd[336]: Using default interface naming scheme 'v251'.
Jul 31 14:03:47 desktop systemd[1]: Finished Monitoring of LVM2 mirrors, snapshots etc. using dmeventd or progress polling.
Jul 31 14:03:47 desktop systemd[1]: Reached target Preparation for Local File Systems.
Jul 31 14:03:47 desktop systemd[1]: Virtual Machine and Container Storage (Compatibility) was skipped because of a failed condition check (ConditionPathExists=/var/lib/machines.raw).
Jul 31 14:03:47 desktop systemd[1]: var-lib-snapd-snap-bare-5.mount: Directory /var/lib/snapd/snap/bare/5 to mount over is not empty, mounting anyway.
Jul 31 14:03:47 desktop systemd[1]: Mounting Mount unit for bare, revision 5...
Jul 31 14:03:47 desktop systemd[1]: var-lib-snapd-snap-core20-1581.mount: Directory /var/lib/snapd/snap/core20/1581 to mount over is not empty, mounting anyway.
Jul 31 14:03:47 desktop systemd[1]: Mounting Mount unit for core20, revision 1581...
Jul 31 14:03:47 desktop systemd[1]: var-lib-snapd-snap-core20-1587.mount: Directory /var/lib/snapd/snap/core20/1587 to mount over is not empty, mounting anyway.
Jul 31 14:03:47 desktop systemd[1]: Mounting Mount unit for core20, revision 1587...
Jul 31 14:03:47 desktop systemd[1]: var-lib-snapd-snap-gtk\x2dcommon\x2dthemes-1535.mount: Directory /var/lib/snapd/snap/gtk-common-themes/1535 to mount over is not empty, mounting anyway.
Jul 31 14:03:47 desktop systemd[1]: Mounting Mount unit for gtk-common-themes, revision 1535...
Jul 31 14:03:47 desktop systemd[1]: var-lib-snapd-snap-melonds-3.mount: Directory /var/lib/snapd/snap/melonds/3 to mount over is not empty, mounting anyway.
Jul 31 14:03:47 desktop systemd[1]: Mounting Mount unit for melonds, revision 3...
Jul 31 14:03:47 desktop systemd[1]: var-lib-snapd-snap-snapd-16010.mount: Directory /var/lib/snapd/snap/snapd/16010 to mount over is not empty, mounting anyway.
Jul 31 14:03:47 desktop systemd[1]: Mounting Mount unit for snapd, revision 16010...
